Archive member included to satisfy reference by file (symbol)

../drivers\libIotLibrary.a(hih8120.o)
                              TemperatureHumiditySensor.o (hih8120_initialise)
../drivers\libIotLibrary.a(lora_driver.o)
                              UpLinkHandler.o (lora_driver_flushBuffers)
../drivers\libIotLibrary.a(lora_driver_utils.o)
                              ../drivers\libIotLibrary.a(lora_driver.o) (decode_port_no)
../drivers\libIotLibrary.a(serial.o)
                              ../drivers\libIotLibrary.a(lora_driver.o) (serial_create)
../drivers\libIotLibrary.a(stdio_driver.o)
                              main.o (stdio_initialise)
../drivers\libIotLibrary.a(status_leds.o)
                              main.o (status_leds_initialise)
../drivers\libIotLibrary.a(twi.o)
                              ../drivers\libIotLibrary.a(hih8120.o) (twiCreate)
../drivers\libIotLibrary.a(fifo.o)
                              ../drivers\libIotLibrary.a(serial.o) (fifo_init)
c:/program files (x86)/atmel/studio/7.0/toolchain/avr8/avr8-gnu-toolchain/bin/../lib/gcc/avr/5.4.0/../../../../avr/lib/avr6\libm.a(addsf3.o)
                              ../drivers\libIotLibrary.a(hih8120.o) (__subsf3)
c:/program files (x86)/atmel/studio/7.0/toolchain/avr8/avr8-gnu-toolchain/bin/../lib/gcc/avr/5.4.0/../../../../avr/lib/avr6\libm.a(addsf3x.o)
                              c:/program files (x86)/atmel/studio/7.0/toolchain/avr8/avr8-gnu-toolchain/bin/../lib/gcc/avr/5.4.0/../../../../avr/lib/avr6\libm.a(addsf3.o) (__addsf3x)
c:/program files (x86)/atmel/studio/7.0/toolchain/avr8/avr8-gnu-toolchain/bin/../lib/gcc/avr/5.4.0/../../../../avr/lib/avr6\libm.a(divsf3.o)
                              ../drivers\libIotLibrary.a(hih8120.o) (__divsf3)
c:/program files (x86)/atmel/studio/7.0/toolchain/avr8/avr8-gnu-toolchain/bin/../lib/gcc/avr/5.4.0/../../../../avr/lib/avr6\libm.a(divsf3x.o)
                              c:/program files (x86)/atmel/studio/7.0/toolchain/avr8/avr8-gnu-toolchain/bin/../lib/gcc/avr/5.4.0/../../../../avr/lib/avr6\libm.a(divsf3.o) (__divsf3x)
c:/program files (x86)/atmel/studio/7.0/toolchain/avr8/avr8-gnu-toolchain/bin/../lib/gcc/avr/5.4.0/../../../../avr/lib/avr6\libm.a(fixsfsi.o)
                              ../drivers\libIotLibrary.a(hih8120.o) (__fixsfsi)
c:/program files (x86)/atmel/studio/7.0/toolchain/avr8/avr8-gnu-toolchain/bin/../lib/gcc/avr/5.4.0/../../../../avr/lib/avr6\libm.a(fixunssfsi.o)
                              ../drivers\libIotLibrary.a(hih8120.o) (__fixunssfsi)
c:/program files (x86)/atmel/studio/7.0/toolchain/avr8/avr8-gnu-toolchain/bin/../lib/gcc/avr/5.4.0/../../../../avr/lib/avr6\libm.a(floatsisf.o)
                              ../drivers\libIotLibrary.a(hih8120.o) (__floatunsisf)
c:/program files (x86)/atmel/studio/7.0/toolchain/avr8/avr8-gnu-toolchain/bin/../lib/gcc/avr/5.4.0/../../../../avr/lib/avr6\libm.a(fp_inf.o)
                              c:/program files (x86)/atmel/studio/7.0/toolchain/avr8/avr8-gnu-toolchain/bin/../lib/gcc/avr/5.4.0/../../../../avr/lib/avr6\libm.a(addsf3x.o) (__fp_inf)
c:/program files (x86)/atmel/studio/7.0/toolchain/avr8/avr8-gnu-toolchain/bin/../lib/gcc/avr/5.4.0/../../../../avr/lib/avr6\libm.a(fp_nan.o)
                              c:/program files (x86)/atmel/studio/7.0/toolchain/avr8/avr8-gnu-toolchain/bin/../lib/gcc/avr/5.4.0/../../../../avr/lib/avr6\libm.a(addsf3x.o) (__fp_nan)
c:/program files (x86)/atmel/studio/7.0/toolchain/avr8/avr8-gnu-toolchain/bin/../lib/gcc/avr/5.4.0/../../../../avr/lib/avr6\libm.a(fp_pscA.o)
                              c:/program files (x86)/atmel/studio/7.0/toolchain/avr8/avr8-gnu-toolchain/bin/../lib/gcc/avr/5.4.0/../../../../avr/lib/avr6\libm.a(addsf3x.o) (__fp_pscA)
c:/program files (x86)/atmel/studio/7.0/toolchain/avr8/avr8-gnu-toolchain/bin/../lib/gcc/avr/5.4.0/../../../../avr/lib/avr6\libm.a(fp_pscB.o)
                              c:/program files (x86)/atmel/studio/7.0/toolchain/avr8/avr8-gnu-toolchain/bin/../lib/gcc/avr/5.4.0/../../../../avr/lib/avr6\libm.a(addsf3x.o) (__fp_pscB)
c:/program files (x86)/atmel/studio/7.0/toolchain/avr8/avr8-gnu-toolchain/bin/../lib/gcc/avr/5.4.0/../../../../avr/lib/avr6\libm.a(fp_round.o)
                              c:/program files (x86)/atmel/studio/7.0/toolchain/avr8/avr8-gnu-toolchain/bin/../lib/gcc/avr/5.4.0/../../../../avr/lib/avr6\libm.a(addsf3.o) (__fp_round)
c:/program files (x86)/atmel/studio/7.0/toolchain/avr8/avr8-gnu-toolchain/bin/../lib/gcc/avr/5.4.0/../../../../avr/lib/avr6\libm.a(fp_split3.o)
                              c:/program files (x86)/atmel/studio/7.0/toolchain/avr8/avr8-gnu-toolchain/bin/../lib/gcc/avr/5.4.0/../../../../avr/lib/avr6\libm.a(addsf3x.o) (__fp_split3)
c:/program files (x86)/atmel/studio/7.0/toolchain/avr8/avr8-gnu-toolchain/bin/../lib/gcc/avr/5.4.0/../../../../avr/lib/avr6\libm.a(fp_zero.o)
[...]
Memory Configuration

Name             Origin             Length             Attributes
text             0x00000000         0x00040000         xr
data             0x00800200         0x00002000         rw !x
eeprom           0x00810000         0x00001000         rw !x
fuse             0x00820000         0x00000003         rw !x
lock             0x00830000         0x00000400         rw !x
signature        0x00840000         0x00000400         rw !x
user_signatures  0x00850000         0x00000400         rw !x
*default*        0x00000000         0xffffffff

Linker script and memory map

Address of section .data set to 0x800200
LOAD C:/Program Files (x86)/Atmel/Studio/7.0/Packs/atmel/ATmega_DFP/1.6.364/gcc/dev/atmega2560/avr6/crtatmega2560.o
LOAD Application.o
LOAD SensorDataPackageHandler.o
LOAD UpLinkHandler.o
LOAD Setup.o
LOAD TemperatureHumiditySensor.o
LOAD FreeRTOS/FreeRTOSTraceDriver/FreeRTOSTraceDriver.o
LOAD FreeRTOS/src/croutine.o
LOAD FreeRTOS/src/event_groups.o
LOAD FreeRTOS/src/heap_4.o
LOAD FreeRTOS/src/list.o
LOAD FreeRTOS/src/port.o
LOAD FreeRTOS/src/queue.o
LOAD FreeRTOS/src/stream_buffer.o
LOAD FreeRTOS/src/tasks.o
LOAD FreeRTOS/src/timers.o
LOAD FreeRTOS/src/variantHooks.o
LOAD main.o
START GROUP
LOAD c:/program files (x86)/atmel/studio/7.0/toolchain/avr8/avr8-gnu-toolchain/bin/../lib/gcc/avr/5.4.0/../../../../avr/lib/avr6\libm.a
LOAD ../drivers\libIotLibrary.a
END GROUP
START GROUP
LOAD c:/program files (x86)/atmel/studio/7.0/toolchain/avr8/avr8-gnu-toolchain/bin/../lib/gcc/avr/5.4.0/avr6\libgcc.a
LOAD c:/program files (x86)/atmel/studio/7.0/toolchain/avr8/avr8-gnu-toolchain/bin/../lib/gcc/avr/5.4.0/../../../../avr/lib/avr6\libm.a
LOAD c:/program files (x86)/atmel/studio/7.0/toolchain/avr8/avr8-gnu-toolchain/bin/../lib/gcc/avr/5.4.0/../../../../avr/lib/avr6\libc.a
LOAD C:/Program Files (x86)/Atmel/Studio/7.0/Packs/atmel/ATmega_DFP/1.6.364/gcc/dev/atmega2560/avr6\libatmega2560.a
END GROUP
                0x00000000                __TEXT_REGION_ORIGIN__ = DEFINED (__TEXT_REGION_ORIGIN__)?__TEXT_REGION_ORIGIN__:0x0
                [0x00800200]                __DATA_REGION_ORIGIN__ = DEFINED (__DATA_REGION_ORIGIN__)?__DATA_REGION_ORIGIN__:0x800200
                [0x00040000]                __TEXT_REGION_LENGTH__ = DEFINED (__TEXT_REGION_LENGTH__)?__TEXT_REGION_LENGTH__:0x100000
                [0x00002000]                __DATA_REGION_LENGTH__ = DEFINED (__DATA_REGION_LENGTH__)?__DATA_REGION_LENGTH__:0xfe00
                [0x00001000]                __EEPROM_REGION_LENGTH__ = DEFINED (__EEPROM_REGION_LENGTH__)?__EEPROM_REGION_LENGTH__:0x10000
                [0x00000003]                __FUSE_REGION_LENGTH__ = DEFINED (__FUSE_REGION_LENGTH__)?__FUSE_REGION_LENGTH__:0x400
                0x00000400                __LOCK_REGION_LENGTH__ = DEFINED (__LOCK_REGION_LENGTH__)?__LOCK_REGION_LENGTH__:0x400
                0x00000400                __SIGNATURE_REGION_LENGTH__ = DEFINED (__SIGNATURE_REGION_LENGTH__)?__SIGNATURE_REGION_LENGTH__:0x400
                0x00000400                __USER_SIGNATURE_REGION_LENGTH__ = DEFINED (__USER_SIGNATURE_REGION_LENGTH__)?__USER_SIGNATURE_REGION_LENGTH__:0x400

.hash
 *(.hash)

.dynsym
 *(.dynsym)

.dynstr
 *(.dynstr)

.gnu.version
 *(.gnu.version)

.gnu.version_d
 *(.gnu.version_d)

.gnu.version_r
 *(.gnu.version_r)

.rel.init
 *(.rel.init)

.rela.init
 *(.rela.init)

.rel.text
 *(.rel.text)
 *(.rel.text.*)
 *(.rel.gnu.linkonce.t*)

.rela.text
 *(.rela.text)
 *(.rela.text.*)
 *(.rela.gnu.linkonce.t*)

.rel.fini
 *(.rel.fini)

.rela.fini
 *(.rela.fini)

.rel.rodata
 *(.rel.rodata)
 *(.rel.rodata.*)
 *(.rel.gnu.linkonce.r*)

.rela.rodata
 *(.rela.rodata)
 *(.rela.rodata.*)
 *(.rela.gnu.linkonce.r*)

.rel.data
 *(.rel.data)
 *(.rel.data.*)
 *(.rel.gnu.linkonce.d*)

.rela.data
 *(.rela.data)
 *(.rela.data.*)
 *(.rela.gnu.linkonce.d*)

.rel.ctors
 *(.rel.ctors)

.rela.ctors
 *(.rela.ctors)

.rel.dtors
 *(.rel.dtors)

.rela.dtors
 *(.rela.dtors)

.rel.got
 *(.rel.got)

.rela.got
 *(.rela.got)

.rel.bss
 *(.rel.bss)

.rela.bss
 *(.rela.bss)

.rel.plt
 *(.rel.plt)

.rela.plt
 *(.rela.plt)

.text           0x00000000     0x5af6
 *(.vectors)
 .vectors       0x00000000       0xe4 C:/Program Files (x86)/Atmel/Studio/7.0/Packs/atmel/ATmega_DFP/1.6.364/gcc/dev/atmega2560/avr6/crtatmega2560.o
                0x00000000                __vector_default
                0x00000000                __vectors
 *(.vectors)
 *(.progmem.gcc*)
 .progmem.gcc_sw_table.prvProcessReceivedCommands
                0x000000e4       0x14 FreeRTOS/src/timers.o
 .progmem.gcc_sw_table.__vector_39
                0x000000f8       0xa2 ../drivers\libIotLibrary.a(twi.o)
                0x0000019a                . = ALIGN (0x2)
                0x0000019a                __trampolines_start = .
 *(.trampolines)
 .trampolines   0x0000019a        0x0 linker stubs
 *(.trampolines*)
                0x0000019a                __trampolines_end = .
 *libprintf_flt.a:*(.progmem.data)
 *libc.a:*(.progmem.data)
 *(.progmem*)
                0x0000019a                . = ALIGN (0x2)
 *(.jumptables)
 *(.jumptables*)
 *(.lowtext)
 .lowtext       0x0000019a       0x14 FreeRTOS/src/tasks.o
 .lowtext       0x000001ae       0x1e FreeRTOS/src/timers.o
 *(.lowtext*)
                0x000001cc                __ctors_start = .
 *(.ctors)
                0x000001cc                __ctors_end = .
                0x000001cc                __dtors_start = .
 *(.dtors)
                0x000001cc                __dtors_end = .
 SORT(*)(.ctors)
 SORT(*)(.dtors)
 *(.init0)
 .init0         0x000001cc        0x0 C:/Program Files (x86)/Atmel/Studio/7.0/Packs/atmel/ATmega_DFP/1.6.364/gcc/dev/atmega2560/avr6/crtatmega2560.o
                0x000001cc                __init
 *(.init0)
 *(.init1)
 *(.init1)
 *(.init2)
 .init2         0x000001cc       0x10 C:/Program Files (x86)/Atmel/Studio/7.0/Packs/atmel/ATmega_DFP/1.6.364/gcc/dev/atmega2560/avr6/crtatmega2560.o
 *(.init2)
 *(.init3)
 *(.init3)
 *(.init4)
 .init4         0x000001dc       0x1a c:/program files (x86)/atmel/studio/7.0/toolchain/avr8/avr8-gnu-toolchain/bin/../lib/gcc/avr/5.4.0/avr6\libgcc.a(_copy_data.o)
                0x000001dc                __do_copy_data
 .init4         0x000001f6       0x10 c:/program files (x86)/atmel/studio/7.0/toolchain/avr8/avr8-gnu-toolchain/bin/../lib/gcc/avr/5.4.0/avr6\libgcc.a(_clear_bss.o)
                0x000001f6                __do_clear_bss
 *(.init4)
 *(.init5)
 *(.init5)
 *(.init6)
 *(.init6)
 *(.init7)
 *(.init7)
 *(.init8)
 *(.init8)
 *(.init9)
 .init9         0x00000206        0x8 C:/Program Files (x86)/Atmel/Studio/7.0/Packs/atmel/ATmega_DFP/1.6.364/gcc/dev/atmega2560/avr6/crtatmega2560.o
 *(.init9)
 *(.text)
 .text          0x0000020e        0x2 C:/Program Files (x86)/Atmel/Studio/7.0/Packs/atmel/ATmega_DFP/1.6.364/gcc/dev/atmega2560/avr6/crtatmega2560.o
                0x0000020e                __vector_38
                0x0000020e                __vector_22
                0x0000020e                __vector_28
                0x0000020e                __vector_1
                0x0000020e                __vector_32
                0x0000020e                __vector_34
                0x0000020e                __vector_24
                0x0000020e                __vector_46
                0x0000020e                __bad_interrupt
                0x0000020e                __vector_6
                0x0000020e                __vector_31
                0x0000020e                __vector_35
                0x0000020e                __vector_3
                0x0000020e                __vector_23
                0x0000020e                __vector_30
                0x0000020e                __vector_45
                0x0000020e                __vector_11
                0x0000020e                __vector_13
                0x0000020e                __vector_17
                0x0000020e                __vector_19
                0x0000020e                __vector_56
                0x0000020e                __vector_7
                0x0000020e                __vector_49
                0x0000020e                __vector_41
                0x0000020e                __vector_43
                0x0000020e                __vector_27
                0x0000020e                __vector_5
                0x0000020e                __vector_33
                0x0000020e                __vector_47
                0x0000020e                __vector_4
                0x0000020e                __vector_44
                0x0000020e                __vector_9
                0x0000020e                __vector_2
                0x0000020e                __vector_21
                0x0000020e                __vector_15
                0x0000020e                __vector_29
                0x0000020e                __vector_40
                0x0000020e                __vector_8
                0x0000020e                __vector_48
                0x0000020e                __vector_14
                0x0000020e                __vector_53
                0x0000020e                __vector_10
                0x0000020e                __vector_50
                0x0000020e                __vector_16
                0x0000020e                __vector_18
                0x0000020e                __vector_20
                0x0000020e                __vector_42
                0x00000210                . = ALIGN (0x2)
 *(.text.*)
 .text.ApplicationTask
                0x00000210       0xc4 Application.o
                0x00000210                ApplicationTask
 .text.createApplicationTask
                0x000002d4       0x28 Application.o
                0x000002d4                createApplicationTask
 .text.setHumidity
                0x000002fc        0xa SensorDataPackageHandler.o
                0x000002fc                setHumidity
 .text.setTemperature
                0x00000306        0xa SensorDataPackageHandler.o
                0x00000306                setTemperature
 .text.setCo2Ppm
                0x00000310        0xa SensorDataPackageHandler.o
                0x00000310                setCo2Ppm
 .text.sensorDataPackageHandler_getLoRaPayload
                0x0000031a       0x56 SensorDataPackageHandler.o
                0x0000031a                sensorDataPackageHandler_getLoRaPayload
 .text.lora_handler_uplink_payload
                0x00000370       0x28 UpLinkHandler.o
                0x00000370                lora_handler_uplink_payload
 .text._lora_setup
                0x00000398      0x1aa UpLinkHandler.o
                0x00000398                _lora_setup
 .text.lora_handler_task
                0x00000542       0x9a UpLinkHandler.o
                0x00000542                lora_handler_task
 .text.initializeEventGroup
                0x000005dc       0x16 Setup.o
                0x000005dc                initializeEventGroup
 .text.createUpLinkMessageBuffer
                0x000005f2       0x3e Setup.o
                0x000005f2                createUpLinkMessageBuffer
 .text.getHumidity
                0x00000630        0xa TemperatureHumiditySensor.o
                0x00000630                getHumidity
 .text.getTemperature
                0x0000063a        0xa TemperatureHumiditySensor.o
                0x0000063a                getTemperature
 .text.initializeTempAndHumDriver
                0x00000644       0x1c TemperatureHumiditySensor.o
                0x00000644                initializeTempAndHumDriver
 .text.measureTempAndHum
                0x00000660       0x3a TemperatureHumiditySensor.o
                0x00000660                measureTempAndHum
 .text.TempAndHumTask
                0x0000069a       0x62 TemperatureHumiditySensor.o
                0x0000069a                TempAndHumTask
 .text.createTempAndHumTask
                0x000006fc       0x2a TemperatureHumiditySensor.o
                0x000006fc                createTempAndHumTask
 .text.prvTestWaitCondition
                0x00000726       0x42 FreeRTOS/src/event_groups.o
 .text.xEventGroupCreate
                0x00000768       0x26 FreeRTOS/src/event_groups.o
                0x00000768                xEventGroupCreate
 .text.xEventGroupWaitBits
                0x0000078e      0x140 FreeRTOS/src/event_groups.o
                0x0000078e                xEventGroupWaitBits
 .text.xEventGroupSetBits
                0x000008ce      0x11c FreeRTOS/src/event_groups.o
                0x000008ce                xEventGroupSetBits
 .text.prvHeapInit
                0x000009ea       0x52 FreeRTOS/src/heap_4.o
 .text.prvInsertBlockIntoFreeList
                0x00000a3c       0x94 FreeRTOS/src/heap_4.o
 .text.pvPortMalloc
                0x00000ad0      0x152 FreeRTOS/src/heap_4.o
                0x00000ad0                pvPortMalloc
 .text.vPortFree
                0x00000c22       0x7a FreeRTOS/src/heap_4.o
                0x00000c22                vPortFree
 .text.vListInitialise
                0x00000c9c       0x22 FreeRTOS/src/list.o
                0x00000c9c                vListInitialise
 .text.vListInitialiseItem
                0x00000cbe        0x8 FreeRTOS/src/list.o
                0x00000cbe                vListInitialiseItem
 .text.vListInsert
                0x00000cc6       0x7a FreeRTOS/src/list.o
                0x00000cc6                vListInsert
 .text.uxListRemove
                0x00000d40       0x4e FreeRTOS/src/list.o
                0x00000d40                uxListRemove
 .text.prvSetupTimerInterrupt
                0x00000d8e       0x18 FreeRTOS/src/port.o
 .text.pxPortInitialiseStack
                0x00000da6       0x2e FreeRTOS/src/port.o
                0x00000da6                pxPortInitialiseStack
 .text.xPortStartScheduler
                0x00000dd4       0x64 FreeRTOS/src/port.o
                0x00000dd4                xPortStartScheduler
 .text.vPortYield
                0x00000e38       0xc2 FreeRTOS/src/port.o
                0x00000e38                vPortYield
 .text.vPortYieldFromTick
                0x00000efa       0xca FreeRTOS/src/port.o
                0x00000efa                vPortYieldFromTick
 .text.__vector_12
                0x00000fc4        0x4 FreeRTOS/src/port.o
                0x00000fc4                __vector_12
 .text.prvIsQueueEmpty
                0x00000fc8       0x1a FreeRTOS/src/queue.o
 .text.prvIsQueueFull
                0x00000fe2       0x1c FreeRTOS/src/queue.o
 .text.prvCopyDataToQueue
                0x00000ffe       0xbe FreeRTOS/src/queue.o
 .text.prvCopyDataFromQueue
                0x000010bc       0x34 FreeRTOS/src/queue.o
 .text.prvUnlockQueue
                0x000010f0       0x68 FreeRTOS/src/queue.o
 .text.xQueueGenericReset
                0x00001158       0x86 FreeRTOS/src/queue.o
                0x00001158                xQueueGenericReset
 .text.prvInitialiseNewQueue
                0x000011de       0x24 FreeRTOS/src/queue.o
 .text.xQueueGenericCreate
                0x00001202       0x46 FreeRTOS/src/queue.o
                0x00001202                xQueueGenericCreate
 .text.xQueueGenericSend
                0x00001248      0x11e FreeRTOS/src/queue.o
                0x00001248                xQueueGenericSend
 .text.xQueueGenericSendFromISR
                0x00001366       0x76 FreeRTOS/src/queue.o
                0x00001366                xQueueGenericSendFromISR
 .text.xQueueReceive
                0x000013dc      0x11e FreeRTOS/src/queue.o
                0x000013dc                xQueueReceive
 .text.vQueueWaitForMessageRestricted
                0x000014fa       0x38 FreeRTOS/src/queue.o
                0x000014fa                vQueueWaitForMessageRestricted
 .text.prvBytesInBuffer
                0x00001532       0x26 FreeRTOS/src/stream_buffer.o
 .text.prvInitialiseNewStreamBuffer
                0x00001558       0x20 FreeRTOS/src/stream_buffer.o
 .text.prvWriteBytesToBuffer
                0x00001578       0x92 FreeRTOS/src/stream_buffer.o
 .text.prvWriteMessageToBuffer
                0x0000160a       0x86 FreeRTOS/src/stream_buffer.o
 .text.prvReadBytesFromBuffer
                0x00001690       0x9e FreeRTOS/src/stream_buffer.o
 .text.prvReadMessageFromBuffer
                0x0000172e       0x8a FreeRTOS/src/stream_buffer.o
 .text.xStreamBufferGenericCreate
                0x000017b8       0x64 FreeRTOS/src/stream_buffer.o
                0x000017b8                xStreamBufferGenericCreate
 .text.xStreamBufferReset
                0x0000181c       0x3c FreeRTOS/src/stream_buffer.o
                0x0000181c                xStreamBufferReset
 .text.xStreamBufferSpacesAvailable
                0x00001858       0x24 FreeRTOS/src/stream_buffer.o
                0x00001858                xStreamBufferSpacesAvailable
 .text.xStreamBufferSend
                0x0000187c      0x18a FreeRTOS/src/stream_buffer.o
                0x0000187c                xStreamBufferSend
 .text.xStreamBufferReceive
                0x00001a06      0x106 FreeRTOS/src/stream_buffer.o
                0x00001a06                xStreamBufferReceive
 .text.prvResetNextTaskUnblockTime
                0x00001b0c       0x4e FreeRTOS/src/tasks.o
 .text.prvDeleteTCB
                0x00001b5a       0x16 FreeRTOS/src/tasks.o
 .text.prvInitialiseNewTask
                0x00001b70       0xf6 FreeRTOS/src/tasks.o
 .text.prvInitialiseTaskLists
                0x00001c66       0x4e FreeRTOS/src/tasks.o
 .text.prvAddNewTaskToReadyList
                0x00001cb4       0xdc FreeRTOS/src/tasks.o
 .text.prvCheckTasksWaitingTermination
                0x00001d90       0x4a FreeRTOS/src/tasks.o
 .text.prvAddCurrentTaskToDelayedList
                0x00001dda       0xc2 FreeRTOS/src/tasks.o
 .text.xTaskCreate
                0x00001e9c       0x98 FreeRTOS/src/tasks.o
                0x00001e9c                xTaskCreate
 .text.vTaskStartScheduler
                0x00001f34       0x70 FreeRTOS/src/tasks.o
                0x00001f34                vTaskStartScheduler
 .text.vTaskSuspendAll
                0x00001fa4        0xc FreeRTOS/src/tasks.o
                0x00001fa4                vTaskSuspendAll
 .text.xTaskGetTickCount
                0x00001fb0       0x1c FreeRTOS/src/tasks.o
                0x00001fb0                xTaskGetTickCount
 .text.xTaskIncrementTick
                0x00001fcc      0x258 FreeRTOS/src/tasks.o
                0x00001fcc                xTaskIncrementTick
 .text.xTaskResumeAll
                0x00002224      0x1b8 FreeRTOS/src/tasks.o
                0x00002224                xTaskResumeAll
 .text.xTaskDelayUntil
                0x000023dc       0xca FreeRTOS/src/tasks.o
                0x000023dc                xTaskDelayUntil
 .text.vTaskDelay
                0x000024a6       0x36 FreeRTOS/src/tasks.o
                0x000024a6                vTaskDelay
 .text.vTaskSwitchContext
                0x000024dc       0xca FreeRTOS/src/tasks.o
                0x000024dc                vTaskSwitchContext
 .text.vTaskPlaceOnEventList
                0x000025a6       0x2e FreeRTOS/src/tasks.o
                0x000025a6                vTaskPlaceOnEventList
 .text.vTaskPlaceOnUnorderedEventList
                0x000025d4       0x94 FreeRTOS/src/tasks.o
                0x000025d4                vTaskPlaceOnUnorderedEventList
 .text.vTaskPlaceOnEventListRestricted
                0x00002668       0x84 FreeRTOS/src/tasks.o
                0x00002668                vTaskPlaceOnEventListRestricted
 .text.xTaskRemoveFromEventList
                0x000026ec      0x15e FreeRTOS/src/tasks.o
                0x000026ec                xTaskRemoveFromEventList
 .text.vTaskRemoveFromUnorderedEventList
                0x0000284a      0x134 FreeRTOS/src/tasks.o
                0x0000284a                vTaskRemoveFromUnorderedEventList
 .text.vTaskSetTimeOutState
                0x0000297e       0x2c FreeRTOS/src/tasks.o
                0x0000297e                vTaskSetTimeOutState
 .text.vTaskInternalSetTimeOutState
                0x000029aa       0x22 FreeRTOS/src/tasks.o
                0x000029aa                vTaskInternalSetTimeOutState
 .text.xTaskCheckForTimeOut
                0x000029cc       0xb2 FreeRTOS/src/tasks.o
                0x000029cc                xTaskCheckForTimeOut
 .text.vTaskMissedYield
                0x00002a7e        0x8 FreeRTOS/src/tasks.o
                0x00002a7e                vTaskMissedYield
 .text.xTaskGetCurrentTaskHandle
                0x00002a86        0xa FreeRTOS/src/tasks.o
                0x00002a86                xTaskGetCurrentTaskHandle
 .text.xTaskGetSchedulerState
                0x00002a90       0x1c FreeRTOS/src/tasks.o
                0x00002a90                xTaskGetSchedulerState
 .text.xTaskPriorityDisinherit
                0x00002aac       0xb6 FreeRTOS/src/tasks.o
                0x00002aac                xTaskPriorityDisinherit
 .text.uxTaskResetEventItemValue
                0x00002b62       0x54 FreeRTOS/src/tasks.o
                0x00002b62                uxTaskResetEventItemValue
 .text.xTaskGenericNotifyWait
                0x00002bb6      0x14e FreeRTOS/src/tasks.o
                0x00002bb6                xTaskGenericNotifyWait
 .text.xTaskGenericNotify
                0x00002d04      0x1ee FreeRTOS/src/tasks.o
                0x00002d04                xTaskGenericNotify
 .text.xTaskGenericNotifyStateClear
                0x00002ef2       0x34 FreeRTOS/src/tasks.o
                0x00002ef2                xTaskGenericNotifyStateClear
 .text.prvGetNextExpireTime
                0x00002f26       0x30 FreeRTOS/src/timers.o
 .text.prvInsertTimerInActiveList
                0x00002f56       0x92 FreeRTOS/src/timers.o
 .text.prvCheckForValidListAndQueue
                0x00002fe8       0x52 FreeRTOS/src/timers.o
 .text.xTimerCreateTimerTask
                0x0000303a       0x42 FreeRTOS/src/timers.o
                0x0000303a                xTimerCreateTimerTask
 .text.xTimerGenericCommand
                0x0000307c       0xbc FreeRTOS/src/timers.o
                0x0000307c                xTimerGenericCommand
 .text.prvSwitchTimerLists
                0x00003138       0xd0 FreeRTOS/src/timers.o
 .text.prvSampleTimeNow
                0x00003208       0x5c FreeRTOS/src/timers.o
 .text.prvProcessExpiredTimer
                0x00003264       0xac FreeRTOS/src/timers.o
 .text.prvProcessTimerOrBlockTask
                0x00003310       0xae FreeRTOS/src/timers.o
 .text.prvProcessReceivedCommands
                0x000033be      0x168 FreeRTOS/src/timers.o
 .text.vApplicationIdleHook
                0x00003526        0x2 FreeRTOS/src/variantHooks.o
                0x00003526                vApplicationIdleHook
 .text.prvSetMainLedOn
                0x00003528        0xe FreeRTOS/src/variantHooks.o
                0x00003528                prvSetMainLedOn
 .text.prvBlinkMainLed
                0x00003536        0x8 FreeRTOS/src/variantHooks.o
                0x00003536                prvBlinkMainLed
 .text.vApplicationMallocFailedHook
                0x0000353e       0x18 FreeRTOS/src/variantHooks.o
                0x0000353e                vApplicationMallocFailedHook
 .text.vApplicationStackOverflowHook
                0x00003556       0x18 FreeRTOS/src/variantHooks.o
                0x00003556                vApplicationStackOverflowHook
 .text.initializeUsedData
                0x0000356e        0xa main.o
                0x0000356e                initializeUsedData
 .text.create_tasks
                0x00003578       0x14 main.o
                0x00003578                create_tasks
 .text.initialiseSystem
                0x0000358c       0x18 main.o
                0x0000358c                initialiseSystem
 .text.main     0x000035a4       0x10 main.o
                0x000035a4                main
 .text._hihTwiCallback
                0x000035b4       0x5a ../drivers\libIotLibrary.a(hih8120.o)
 .text.hih8120_initialise
                0x0000360e       0x30 ../drivers\libIotLibrary.a(hih8120.o)
                0x0000360e                hih8120_initialise
 .text.hih8120_wakeup
                0x0000363e       0x2a ../drivers\libIotLibrary.a(hih8120.o)
                0x0000363e                hih8120_wakeup
 .text.hih8120_measure
                0x00003668       0x22 ../drivers\libIotLibrary.a(hih8120.o)
                0x00003668                hih8120_measure
 .text.hih8120_getHumidity
                0x0000368a       0x2a ../drivers\libIotLibrary.a(hih8120.o)
                0x0000368a                hih8120_getHumidity
 .text.hih8120_getHumidityPercent_x10
                0x000036b4       0x16 ../drivers\libIotLibrary.a(hih8120.o)
                0x000036b4                hih8120_getHumidityPercent_x10
 .text.hih8120_getTemperature
                0x000036ca       0x36 ../drivers\libIotLibrary.a(hih8120.o)
                0x000036ca                hih8120_getTemperature
 .text.hih8120_getTemperature_x10
                0x00003700       0x16 ../drivers\libIotLibrary.a(hih8120.o)
                0x00003700                hih8120_getTemperature_x10
 .text._uploadMessage
                0x00003716       0xb4 ../drivers\libIotLibrary.a(lora_driver.o)
 .text._reply2ReturnCode
                0x000037ca       0xea ../drivers\libIotLibrary.a(lora_driver.o)
 .text._uploadMessageRc
                0x000038b4        0x6 ../drivers\libIotLibrary.a(lora_driver.o)
 .text.lora_driver_flushBuffers
                0x000038ba        0xe ../drivers\libIotLibrary.a(lora_driver.o)
                0x000038ba                lora_driver_flushBuffers
 .text.lora_driver_resetRn2483
                0x000038c8       0x1c ../drivers\libIotLibrary.a(lora_driver.o)
                0x000038c8                lora_driver_resetRn2483
 .text.lora_driver_rn2483FactoryReset
                0x000038e4       0x24 ../drivers\libIotLibrary.a(lora_driver.o)
                0x000038e4                lora_driver_rn2483FactoryReset
 .text.lora_driver_getRn2483Hweui
                0x00003908       0x38 ../drivers\libIotLibrary.a(lora_driver.o)
                0x00003908                lora_driver_getRn2483Hweui
 .text.lora_driver_setDeviceIdentifier
                0x00003940       0x22 ../drivers\libIotLibrary.a(lora_driver.o)
                0x00003940                lora_driver_setDeviceIdentifier
 .text.lora_driver_setApplicationIdentifier
                0x00003962       0x22 ../drivers\libIotLibrary.a(lora_driver.o)
                0x00003962                lora_driver_setApplicationIdentifier
 .text.lora_driver_setApplicationKey
                0x00003984       0x22 ../drivers\libIotLibrary.a(lora_driver.o)
                0x00003984                lora_driver_setApplicationKey
 .text.lora_driver_saveMac
                0x000039a6        0xc ../drivers\libIotLibrary.a(lora_driver.o)
                0x000039a6                lora_driver_saveMac
 .text.lora_driver_join
                0x000039b2       0x52 ../drivers\libIotLibrary.a(lora_driver.o)
                0x000039b2                lora_driver_join
 .text.lora_driver_sendUploadMessage
                0x00003a04      0x196 ../drivers\libIotLibrary.a(lora_driver.o)
                0x00003a04                lora_driver_sendUploadMessage
 .text.lora_driver_setAdaptiveDataRate
                0x00003b9a       0x16 ../drivers\libIotLibrary.a(lora_driver.o)
                0x00003b9a                lora_driver_setAdaptiveDataRate
 .text.lora_driver_setReceiveDelay
                0x00003bb0       0x30 ../drivers\libIotLibrary.a(lora_driver.o)
                0x00003bb0                lora_driver_setReceiveDelay
 .text.lora_driver_configureToEu868
                0x00003be0      0x1bc ../drivers\libIotLibrary.a(lora_driver.o)
                0x00003be0                lora_driver_configureToEu868
 .text.lora_driver_setOtaaIdentity
                0x00003d9c       0x42 ../drivers\libIotLibrary.a(lora_driver.o)
                0x00003d9c                lora_driver_setOtaaIdentity
 .text.lora_driver_mapReturnCodeToText
                0x00003dde       0x18 ../drivers\libIotLibrary.a(lora_driver.o)
                0x00003dde                lora_driver_mapReturnCodeToText
 .text.decode_port_no
                0x00003df6       0x58 ../drivers\libIotLibrary.a(lora_driver_utils.o)
                0x00003df6                decode_port_no
 .text.decode_hexadecimal_string_bytes
                0x00003e4e       0x92 ../drivers\libIotLibrary.a(lora_driver_utils.o)
                0x00003e4e                decode_hexadecimal_string_bytes
 .text.serial_create
                0x00003ee0      0x144 ../drivers\libIotLibrary.a(serial.o)
                0x00003ee0                serial_create
 .text.serial_sendByte
                0x00004024       0x56 ../drivers\libIotLibrary.a(serial.o)
                0x00004024                serial_sendByte
 .text.serial_sendBytes
                0x0000407a       0xaa ../drivers\libIotLibrary.a(serial.o)
                0x0000407a                serial_sendBytes
 .text.serial_getByte
                0x00004124       0x40 ../drivers\libIotLibrary.a(serial.o)
                0x00004124                serial_getByte
 .text.__vector_25
                0x00004164       0xa4 ../drivers\libIotLibrary.a(serial.o)
                0x00004164                __vector_25
 .text.__vector_26
                0x00004208       0x88 ../drivers\libIotLibrary.a(serial.o)
                0x00004208                __vector_26
 .text.__vector_36
                0x00004290       0xa4 ../drivers\libIotLibrary.a(serial.o)
                0x00004290                __vector_36
 .text.__vector_37
                0x00004334       0x88 ../drivers\libIotLibrary.a(serial.o)
                0x00004334                __vector_37
 .text.__vector_51
                0x000043bc       0xa4 ../drivers\libIotLibrary.a(serial.o)
                0x000043bc                __vector_51
 .text.__vector_52
                0x00004460       0x88 ../drivers\libIotLibrary.a(serial.o)
                0x00004460                __vector_52
 .text.__vector_54
                0x000044e8       0xa4 ../drivers\libIotLibrary.a(serial.o)
                0x000044e8                __vector_54
 .text.__vector_55
                0x0000458c       0x88 ../drivers\libIotLibrary.a(serial.o)
                0x0000458c                __vector_55
 .text.usart_getchar
                0x00004614       0x2a ../drivers\libIotLibrary.a(stdio_driver.o)
 .text.usart_putchar
                0x0000463e       0x12 ../drivers\libIotLibrary.a(stdio_driver.o)
 .text.stdio_initialise
                0x00004650       0x52 ../drivers\libIotLibrary.a(stdio_driver.o)
                0x00004650                stdio_initialise
 .text._turn_off
                0x000046a2       0x98 ../drivers\libIotLibrary.a(status_leds.o)
 .text._turn_on
                0x0000473a       0x98 ../drivers\libIotLibrary.a(status_leds.o)
 .text._hal_led_task
                0x000047d2       0x8c ../drivers\libIotLibrary.a(status_leds.o)
 .text.status_leds_initialise
                0x0000485e       0x9c ../drivers\libIotLibrary.a(status_leds.o)
                0x0000485e                status_leds_initialise
 .text.status_leds_slowBlink
                0x000048fa       0x46 ../drivers\libIotLibrary.a(status_leds.o)
                0x000048fa                status_leds_slowBlink
 .text.status_leds_fastBlink
                0x00004940       0x46 ../drivers\libIotLibrary.a(status_leds.o)
                0x00004940                status_leds_fastBlink
 .text.status_leds_ledOn
                0x00004986       0x1e ../drivers\libIotLibrary.a(status_leds.o)
                0x00004986                status_leds_ledOn
 .text.status_leds_ledOff
                0x000049a4       0x1e ../drivers\libIotLibrary.a(status_leds.o)
                0x000049a4                status_leds_ledOff
 .text.status_leds_longPuls
                0x000049c2       0x24 ../drivers\libIotLibrary.a(status_leds.o)
                0x000049c2                status_leds_longPuls
 .text.status_leds_shortPuls
                0x000049e6       0x22 ../drivers\libIotLibrary.a(status_leds.o)
                0x000049e6                status_leds_shortPuls
 .text._initTwiInterface
                0x00004a08       0x22 ../drivers\libIotLibrary.a(twi.o)
 .text.twiCreate
                0x00004a2a       0x9a ../drivers\libIotLibrary.a(twi.o)
                0x00004a2a                twiCreate
 .text.twiIsBusy
                0x00004ac4        0x8 ../drivers\libIotLibrary.a(twi.o)
                0x00004ac4                twiIsBusy
 .text.twiTransmit
                0x00004acc       0x98 ../drivers\libIotLibrary.a(twi.o)
                0x00004acc                twiTransmit
 .text.twiReceive
                0x00004b64       0x66 ../drivers\libIotLibrary.a(twi.o)
                0x00004b64                twiReceive
 .text.__vector_39
                0x00004bca      0x17a ../drivers\libIotLibrary.a(twi.o)
                0x00004bca                __vector_39
 .text.fifo_init
                0x00004d44       0x38 ../drivers\libIotLibrary.a(fifo.o)
                0x00004d44                fifo_init
 .text.avr-libc.fplib
                0x00004d7c        0xa c:/program files (x86)/atmel/studio/7.0/toolchain/avr8/avr8-gnu-toolchain/bin/../lib/gcc/avr/5.4.0/../../../../avr/lib/avr6\libm.a(addsf3.o)
                0x00004d7c                __subsf3
                0x00004d7e                __addsf3
 .text.avr-libc.fplib
                0x00004d86       0xc0 c:/program files (x86)/atmel/studio/7.0/toolchain/avr8/avr8-gnu-toolchain/bin/../lib/gcc/avr/5.4.0/../../../../avr/lib/avr6\libm.a(addsf3x.o)
                0x00004da0                __addsf3x
 .text.avr-libc.fplib
                0x00004e46        0x4 c:/program files (x86)/atmel/studio/7.0/toolchain/avr8/avr8-gnu-toolchain/bin/../lib/gcc/avr/5.4.0/../../../../avr/lib/avr6\libm.a(divsf3.o)
                0x00004e46                __divsf3
 .text.avr-libc.fplib
                0x00004e4a       0xcc c:/program files (x86)/atmel/studio/7.0/toolchain/avr8/avr8-gnu-toolchain/bin/../lib/gcc/avr/5.4.0/../../../../avr/lib/avr6\libm.a(divsf3x.o)
                0x00004e60                __divsf3x
                0x00004e64                __divsf3_pse
 .text.avr-libc.fplib
                0x00004f16        0xa c:/program files (x86)/atmel/studio/7.0/toolchain/avr8/avr8-gnu-toolchain/bin/../lib/gcc/avr/5.4.0/../../../../avr/lib/avr6\libm.a(fixsfsi.o)
                0x00004f16                __fixsfsi
 .text.avr-libc.fplib
                0x00004f20       0x58 c:/program files (x86)/atmel/studio/7.0/toolchain/avr8/avr8-gnu-toolchain/bin/../lib/gcc/avr/5.4.0/../../../../avr/lib/avr6\libm.a(fixunssfsi.o)
                0x00004f20                __fixunssfsi
 .text.avr-libc.fplib
                0x00004f78       0x7a c:/program files (x86)/atmel/studio/7.0/toolchain/avr8/avr8-gnu-toolchain/bin/../lib/gcc/avr/5.4.0/../../../../avr/lib/avr6\libm.a(floatsisf.o)
                0x00004f78                __floatunsisf
                0x00004f7c                __floatsisf
 .text.avr-libc.fplib
                0x00004ff2        0xc c:/program files (x86)/atmel/studio/7.0/toolchain/avr8/avr8-gnu-toolchain/bin/../lib/gcc/avr/5.4.0/../../../../avr/lib/avr6\libm.a(fp_inf.o)
                0x00004ff2                __fp_inf
 .text.avr-libc.fplib
                0x00004ffe        0x6 c:/program files (x86)/atmel/studio/7.0/toolchain/avr8/avr8-gnu-toolchain/bin/../lib/gcc/avr/5.4.0/../../../../avr/lib/avr6\libm.a(fp_nan.o)
                0x00004ffe                __fp_nan
 .text.avr-libc.fplib
                0x00005004        0xe c:/program files (x86)/atmel/studio/7.0/toolchain/avr8/avr8-gnu-toolchain/bin/../lib/gcc/avr/5.4.0/../../../../avr/lib/avr6\libm.a(fp_pscA.o)
                0x00005004                __fp_pscA
 .text.avr-libc.fplib
                0x00005012        0xe c:/program files (x86)/atmel/studio/7.0/toolchain/avr8/avr8-gnu-toolchain/bin/../lib/gcc/avr/5.4.0/../../../../avr/lib/avr6\libm.a(fp_pscB.o)
                0x00005012                __fp_pscB
 .text.avr-libc.fplib
                0x00005020       0x22 c:/program files (x86)/atmel/studio/7.0/toolchain/avr8/avr8-gnu-toolchain/bin/../lib/gcc/avr/5.4.0/../../../../avr/lib/avr6\libm.a(fp_round.o)
                0x00005020                __fp_round
 .text.avr-libc.fplib
                0x00005042       0x44 c:/program files (x86)/atmel/studio/7.0/toolchain/avr8/avr8-gnu-toolchain/bin/../lib/gcc/avr/5.4.0/../../../../avr/lib/avr6\libm.a(fp_split3.o)
                0x00005042                __fp_split3
                0x00005052                __fp_splitA
 .text.avr-libc.fplib
                0x00005086        0xe c:/program files (x86)/atmel/studio/7.0/toolchain/avr8/avr8-gnu-toolchain/bin/../lib/gcc/avr/5.4.0/../../../../avr/lib/avr6\libm.a(fp_zero.o)
                0x00005086                __fp_zero
                0x00005088                __fp_szero
 .text.avr-libc.fplib
                0x00005094        0x4 c:/program files (x86)/atmel/studio/7.0/toolchain/avr8/avr8-gnu-toolchain/bin/../lib/gcc/avr/5.4.0/../../../../avr/lib/avr6\libm.a(mulsf3.o)
                0x00005094                __mulsf3
 .text.avr-libc.fplib
                0x00005098       0xc2 c:/program files (x86)/atmel/studio/7.0/toolchain/avr8/avr8-gnu-toolchain/bin/../lib/gcc/avr/5.4.0/../../../../avr/lib/avr6\libm.a(mulsf3x.o)
                0x000050ac                __mulsf3x
                0x000050b0                __mulsf3_pse
 .text.libgcc.div
                0x0000515a       0x44 c:/program files (x86)/atmel/studio/7.0/toolchain/avr8/avr8-gnu-toolchain/bin/../lib/gcc/avr/5.4.0/avr6\libgcc.a(_udivmodsi4.o)
                0x0000515a                __udivmodsi4
 .text.libgcc   0x0000519e       0x10 c:/program files (x86)/atmel/studio/7.0/toolchain/avr8/avr8-gnu-toolchain/bin/../lib/gcc/avr/5.4.0/avr6\libgcc.a(_tablejump2.o)
                0x0000519e                __tablejump2__
 .text.avr-libc
                0x000051ae      0x242 c:/program files (x86)/atmel/studio/7.0/toolchain/avr8/avr8-gnu-toolchain/bin/../lib/gcc/avr/5.4.0/../../../../avr/lib/avr6\libc.a(malloc.o)
                0x000051ae                malloc
                0x000052de                free
 .text.avr-libc
                0x000053f0        0x8 c:/program files (x86)/atmel/studio/7.0/toolchain/avr8/avr8-gnu-toolchain/bin/../lib/gcc/avr/5.4.0/../../../../avr/lib/avr6\libc.a(abort.o)
                0x000053f0                abort
 .text.avr-libc
                0x000053f8       0x12 c:/program files (x86)/atmel/studio/7.0/toolchain/avr8/avr8-gnu-toolchain/bin/../lib/gcc/avr/5.4.0/../../../../avr/lib/avr6\libc.a(memcpy.o)
                0x000053f8                memcpy
 .text.avr-libc
                0x0000540a        0xe c:/program files (x86)/atmel/studio/7.0/toolchain/avr8/avr8-gnu-toolchain/bin/../lib/gcc/avr/5.4.0/../../../../avr/lib/avr6\libc.a(memset.o)
                0x0000540a                memset
 .text.avr-libc
                0x00005418       0x4a c:/program files (x86)/atmel/studio/7.0/toolchain/avr8/avr8-gnu-toolchain/bin/../lib/gcc/avr/5.4.0/../../../../avr/lib/avr6\libc.a(strcasestr.o)
                0x00005418                strcasestr
 .text.avr-libc
                0x00005462       0x16 c:/program files (x86)/atmel/studio/7.0/toolchain/avr8/avr8-gnu-toolchain/bin/../lib/gcc/avr/5.4.0/../../../../avr/lib/avr6\libc.a(strcat.o)
                0x00005462                strcat
 .text.avr-libc
                0x00005478        0xe c:/program files (x86)/atmel/studio/7.0/toolchain/avr8/avr8-gnu-toolchain/bin/../lib/gcc/avr/5.4.0/../../../../avr/lib/avr6\libc.a(strcpy.o)
                0x00005478                strcpy
 .text.avr-libc
                0x00005486       0x30 c:/program files (x86)/atmel/studio/7.0/toolchain/avr8/avr8-gnu-toolchain/bin/../lib/gcc/avr/5.4.0/../../../../avr/lib/avr6\libc.a(strncasecmp.o)
                0x00005486                strncasecmp
 .text.avr-libc
                0x000054b6       0x26 c:/program files (x86)/atmel/studio/7.0/toolchain/avr8/avr8-gnu-toolchain/bin/../lib/gcc/avr/5.4.0/../../../../avr/lib/avr6\libc.a(printf.o)
                0x000054b6                printf
 .text.avr-libc
                0x000054dc       0x60 c:/program files (x86)/atmel/studio/7.0/toolchain/avr8/avr8-gnu-toolchain/bin/../lib/gcc/avr/5.4.0/../../../../avr/lib/avr6\libc.a(puts.o)
                0x000054dc                puts
 .text.avr-libc
                0x0000553c       0x5c c:/program files (x86)/atmel/studio/7.0/toolchain/avr8/avr8-gnu-toolchain/bin/../lib/gcc/avr/5.4.0/../../../../avr/lib/avr6\libc.a(sprintf.o)
                0x0000553c                sprintf
 .text.avr-libc
                0x00005598      0x3fa c:/program files (x86)/atmel/studio/7.0/toolchain/avr8/avr8-gnu-toolchain/bin/../lib/gcc/avr/5.4.0/../../../../avr/lib/avr6\libc.a(vfprintf_std.o)
                0x00005598                vfprintf
 .text.avr-libc
                0x00005992       0x16 c:/program files (x86)/atmel/studio/7.0/toolchain/avr8/avr8-gnu-toolchain/bin/../lib/gcc/avr/5.4.0/../../../../avr/lib/avr6\libc.a(strnlen_P.o)
                0x00005992                strnlen_P
 .text.avr-libc
                0x000059a8       0x16 c:/program files (x86)/atmel/studio/7.0/toolchain/avr8/avr8-gnu-toolchain/bin/../lib/gcc/avr/5.4.0/../../../../avr/lib/avr6\libc.a(strnlen.o)
                0x000059a8                strnlen
 .text.avr-libc
                0x000059be       0x78 c:/program files (x86)/atmel/studio/7.0/toolchain/avr8/avr8-gnu-toolchain/bin/../lib/gcc/avr/5.4.0/../../../../avr/lib/avr6\libc.a(fputc.o)
                0x000059be                fputc
 .text.avr-libc
                0x00005a36       0xbc c:/program files (x86)/atmel/studio/7.0/toolchain/avr8/avr8-gnu-toolchain/bin/../lib/gcc/avr/5.4.0/../../../../avr/lib/avr6\libc.a(ultoa_invert.o)
                0x00005a36                __ultoa_invert
                0x00005af2                . = ALIGN (0x2)
 *(.fini9)
 .fini9         0x00005af2        0x0 c:/program files (x86)/atmel/studio/7.0/toolchain/avr8/avr8-gnu-toolchain/bin/../lib/gcc/avr/5.4.0/avr6\libgcc.a(_exit.o)
                0x00005af2                _exit
                0x00005af2                exit
 *(.fini9)
 *(.fini8)
 *(.fini8)
 *(.fini7)
 *(.fini7)
 *(.fini6)
 *(.fini6)
 *(.fini5)
 *(.fini5)
 *(.fini4)
 *(.fini4)
 *(.fini3)
 *(.fini3)
 *(.fini2)
 *(.fini2)
 *(.fini1)
 *(.fini1)
 *(.fini0)
 .fini0         0x00005af2        0x4 c:/program files (x86)/atmel/studio/7.0/toolchain/avr8/avr8-gnu-toolchain/bin/../lib/gcc/avr/5.4.0/avr6\libgcc.a(_exit.o)
 *(.fini0)
                0x00005af6                _etext = .

.data           0x00800200      0x5da load address 0x00005af6
                0x00800200                PROVIDE (__data_start, .)
 *(.data)
 .data          0x00800200        0x6 c:/program files (x86)/atmel/studio/7.0/toolchain/avr8/avr8-gnu-toolchain/bin/../lib/gcc/avr/5.4.0/../../../../avr/lib/avr6\libc.a(malloc.o)
                0x00800200                __malloc_heap_end
                0x00800202                __malloc_heap_start
                0x00800204                __malloc_margin
 *(.data*)
 .data.uxTopUsedPriority
                0x00800206        0x1 FreeRTOS/src/tasks.o
                0x00800206                uxTopUsedPriority
 .data._temp    0x00800207        0x2 ../drivers\libIotLibrary.a(hih8120.o)
 .data._hum     0x00800209        0x2 ../drivers\libIotLibrary.a(hih8120.o)
 .data._com_port_2_udr
                0x0080020b        0x8 ../drivers\libIotLibrary.a(serial.o)
                0x0080020b                _com_port_2_udr
 .data.mystdout.1882
                0x00800213        0xe ../drivers\libIotLibrary.a(stdio_driver.o)
 .data._twiCurrentState
                0x00800221        0x1 ../drivers\libIotLibrary.a(twi.o)
 *(.gnu.linkonce.d*)
 *(.rodata)
 .rodata        0x00800222       0x20 ../drivers\libIotLibrary.a(lora_driver.o)
 *(.rodata*)
 .rodata.str1.1
                0x00800242       0x44 Application.o
 .rodata.str1.1
                0x00800286      0x15e UpLinkHandler.o
 .rodata.str1.1
                0x008003e4       0x5c Setup.o
 .rodata.str1.1
                0x00800440       0xa6 TemperatureHumiditySensor.o
 .rodata.str1.1
                0x008004e6        0x5 FreeRTOS/src/tasks.o
 .rodata.str1.1
                0x008004eb        0x8 FreeRTOS/src/timers.o
 .rodata.str1.1
                0x008004f3       0x12 main.o
 .rodata.str1.1
                0x00800505      0x295 ../drivers\libIotLibrary.a(lora_driver.o)
                                0x2a5 (size before relaxing)
 .rodata._joinMode
                0x0080079a        0x4 ../drivers\libIotLibrary.a(lora_driver.o)
 .rodata._returnCode
                0x0080079e       0x33 ../drivers\libIotLibrary.a(lora_driver.o)
                0x0080079e                _returnCode
 .rodata.str1.1
                0x008007d1        0x8 ../drivers\libIotLibrary.a(status_leds.o)
 *(.gnu.linkonce.r*)
                0x008007da                . = ALIGN (0x2)
 *fill*         0x008007d9        0x1 
                0x008007da                _edata = .
                0x008007da                PROVIDE (__data_end, .)

.bss            0x008007da      0xfb6
                0x008007da                PROVIDE (__bss_start, .)
 *(.bss)
 *(.bss*)
 .bss.humidity  0x008007da        0x2 TemperatureHumiditySensor.o
                0x008007da                humidity
 .bss.temperature
                0x008007dc        0x2 TemperatureHumiditySensor.o
                0x008007dc                temperature
 .bss.xBlockAllocatedBit
                0x008007de        0x2 FreeRTOS/src/heap_4.o
 .bss.xNumberOfSuccessfulFrees
                0x008007e0        0x2 FreeRTOS/src/heap_4.o
 .bss.xNumberOfSuccessfulAllocations
                0x008007e2        0x2 FreeRTOS/src/heap_4.o
 .bss.xMinimumEverFreeBytesRemaining
                0x008007e4        0x2 FreeRTOS/src/heap_4.o
 .bss.xFreeBytesRemaining
                0x008007e6        0x2 FreeRTOS/src/heap_4.o
 .bss.pxEnd     0x008007e8        0x2 FreeRTOS/src/heap_4.o
 .bss.xStart    0x008007ea        0x4 FreeRTOS/src/heap_4.o
 .bss.ucHeap    0x008007ee      0xdac FreeRTOS/src/heap_4.o
 .bss.uxSchedulerSuspended
                0x0080159a        0x1 FreeRTOS/src/tasks.o
 .bss.xIdleTaskHandle
                0x0080159b        0x2 FreeRTOS/src/tasks.o
 .bss.xNextTaskUnblockTime
                0x0080159d        0x4 FreeRTOS/src/tasks.o
 .bss.uxTaskNumber
                0x008015a1        0x1 FreeRTOS/src/tasks.o
 .bss.xNumOfOverflows
                0x008015a2        0x1 FreeRTOS/src/tasks.o
 .bss.xYieldPending
                0x008015a3        0x1 FreeRTOS/src/tasks.o
 .bss.xPendedTicks
                0x008015a4        0x4 FreeRTOS/src/tasks.o
 .bss.xSchedulerRunning
                0x008015a8        0x1 FreeRTOS/src/tasks.o
 .bss.uxTopReadyPriority
                0x008015a9        0x1 FreeRTOS/src/tasks.o
 .bss.xTickCount
                0x008015aa        0x4 FreeRTOS/src/tasks.o
 .bss.uxCurrentNumberOfTasks
                0x008015ae        0x1 FreeRTOS/src/tasks.o
 .bss.uxDeletedTasksWaitingCleanUp
                0x008015af        0x1 FreeRTOS/src/tasks.o
 .bss.xTasksWaitingTermination
                0x008015b0        0xb FreeRTOS/src/tasks.o
 .bss.xPendingReadyList
                0x008015bb        0xb FreeRTOS/src/tasks.o
 .bss.pxOverflowDelayedTaskList
                0x008015c6        0x2 FreeRTOS/src/tasks.o
 .bss.pxDelayedTaskList
                0x008015c8        0x2 FreeRTOS/src/tasks.o
 .bss.xDelayedTaskList2
                0x008015ca        0xb FreeRTOS/src/tasks.o
 .bss.xDelayedTaskList1
                0x008015d5        0xb FreeRTOS/src/tasks.o
 .bss.pxReadyTasksLists
                0x008015e0       0x6e FreeRTOS/src/tasks.o
 .bss.pxCurrentTCB
                0x0080164e        0x2 FreeRTOS/src/tasks.o
                0x0080164e                pxCurrentTCB
 .bss.xLastTime.2436
                0x00801650        0x4 FreeRTOS/src/timers.o
 .bss.xTimerTaskHandle
                0x00801654        0x2 FreeRTOS/src/timers.o
 .bss.xTimerQueue
                0x00801656        0x2 FreeRTOS/src/timers.o
 .bss.pxOverflowTimerList
                0x00801658        0x2 FreeRTOS/src/timers.o
 .bss.pxCurrentTimerList
                0x0080165a        0x2 FreeRTOS/src/timers.o
 .bss.xActiveTimerList2
                0x0080165c        0xb FreeRTOS/src/timers.o
 .bss.xActiveTimerList1
                0x00801667        0xb FreeRTOS/src/timers.o
 .bss._measuringIsReady
                0x00801672        0x1 ../drivers\libIotLibrary.a(hih8120.o)
 .bss._hih8120Handler
                0x00801673        0x2 ../drivers\libIotLibrary.a(hih8120.o)
 .bss._tmp_buf.2871
                0x00801675       0x37 ../drivers\libIotLibrary.a(lora_driver.o)
 .bss._downlinkMessageBuffer
                0x008016ac        0x2 ../drivers\libIotLibrary.a(lora_driver.o)
 .bss._serialReplyBufferHandle
                0x008016ae        0x2 ../drivers\libIotLibrary.a(lora_driver.o)
 .bss._rn2483_serial
                0x008016b0        0x2 ../drivers\libIotLibrary.a(lora_driver.o)
 .bss._downlinkPayload
                0x008016b2       0x16 ../drivers\libIotLibrary.a(lora_driver.o)
 .bss._payLoadHexBytes
                0x008016c8       0x15 ../drivers\libIotLibrary.a(lora_driver.o)
 .bss._sendMessage
                0x008016dd       0x2d ../drivers\libIotLibrary.a(lora_driver.o)
 .bss._replyMess
                0x0080170a       0x2d ../drivers\libIotLibrary.a(lora_driver.o)
 .bss._ser_handle
                0x00801737        0x8 ../drivers\libIotLibrary.a(serial.o)
 .bss._com_serial_instance
                0x0080173f        0x2 ../drivers\libIotLibrary.a(stdio_driver.o)
 .bss._led_status
                0x00801741       0x18 ../drivers\libIotLibrary.a(status_leds.o)
 .bss._index.1885
                0x00801759        0x1 ../drivers\libIotLibrary.a(twi.o)
 .bss._twiCurrentHandler
                0x0080175a        0x2 ../drivers\libIotLibrary.a(twi.o)
 .bss._twiMessageLen
                0x0080175c        0x1 ../drivers\libIotLibrary.a(twi.o)
 .bss._twiMessageBuffer
                0x0080175d        0xa ../drivers\libIotLibrary.a(twi.o)
 .bss._twiIsInitiated
                0x00801767        0x1 ../drivers\libIotLibrary.a(twi.o)
 *(COMMON)
 COMMON         0x00801768        0x2 SensorDataPackageHandler.o
                0x00801768                co2Ppm
 COMMON         0x0080176a       0x16 UpLinkHandler.o
                0x0080176a                uplink_payload
 COMMON         0x00801780        0x6 Setup.o
                0x00801780                upLinkMessageBuffer
                0x00801782                dataReadyEventGroup
                0x00801784                measureEventGroup
 COMMON         0x00801786        0x4 c:/program files (x86)/atmel/studio/7.0/toolchain/avr8/avr8-gnu-toolchain/bin/../lib/gcc/avr/5.4.0/../../../../avr/lib/avr6\libc.a(malloc.o)
                0x00801786                __brkval
                0x00801788                __flp
 COMMON         0x0080178a        0x6 c:/program files (x86)/atmel/studio/7.0/toolchain/avr8/avr8-gnu-toolchain/bin/../lib/gcc/avr/5.4.0/../../../../avr/lib/avr6\libc.a(iob.o)
                0x0080178a                __iob
                0x00801790                PROVIDE (__bss_end, .)
                0x00005af6                __data_load_start = LOADADDR (.data)
                0x000060d0                __data_load_end = (__data_load_start + SIZEOF (.data))

.noinit         0x00801790        0x0
                [!provide]                PROVIDE (__noinit_start, .)
 *(.noinit*)
                [!provide]                PROVIDE (__noinit_end, .)
                0x00801790                _end = .
                0x00801790                PROVIDE (__heap_start, .)

.eeprom         0x00810000        0x0
 *(.eeprom*)
                0x00810000                __eeprom_end = .

.fuse
 *(.fuse)
 *(.lfuse)
 *(.hfuse)
 *(.efuse)

.lock
 *(.lock*)

.signature
 *(.signature*)

.user_signatures
 *(.user_signatures*)

.stab
 *(.stab)

.stabstr
 *(.stabstr)

.stab.excl
 *(.stab.excl)

.stab.exclstr
 *(.stab.exclstr)

.stab.index
 *(.stab.index)

.stab.indexstr
 *(.stab.indexstr)

.comment        0x00000000       0x5c
 *(.comment)
 .comment       0x00000000       0x30 Application.o
                                 0x31 (size before relaxing)
 .comment       0x00000030       0x31 SensorDataPackageHandler.o
 .comment       0x00000030       0x31 UpLinkHandler.o
 .comment       0x00000030       0x31 Setup.o
 .comment       0x00000030       0x31 TemperatureHumiditySensor.o
 .comment       0x00000030       0x31 FreeRTOS/src/event_groups.o
 .comment       0x00000030       0x31 FreeRTOS/src/heap_4.o
 .comment       0x00000030       0x31 FreeRTOS/src/list.o
 .comment       0x00000030       0x31 FreeRTOS/src/port.o
 .comment       0x00000030       0x31 FreeRTOS/src/queue.o
 .comment       0x00000030       0x31 FreeRTOS/src/stream_buffer.o
 .comment       0x00000030       0x31 FreeRTOS/src/tasks.o
 .comment       0x00000030       0x31 FreeRTOS/src/timers.o
 .comment       0x00000030       0x31 FreeRTOS/src/variantHooks.o
 .comment       0x00000030       0x31 main.o
 .comment       0x00000030       0x31 ../drivers\libIotLibrary.a(hih8120.o)
 .comment       0x00000030       0x31 ../drivers\libIotLibrary.a(lora_driver.o)
 .comment       0x00000030       0x31 ../drivers\libIotLibrary.a(lora_driver_utils.o)
 .comment       0x00000030       0x31 ../drivers\libIotLibrary.a(serial.o)
 .comment       0x00000030       0x31 ../drivers\libIotLibrary.a(stdio_driver.o)
 .comment       0x00000030       0x31 ../drivers\libIotLibrary.a(status_leds.o)
 .comment       0x00000030       0x31 ../drivers\libIotLibrary.a(twi.o)
 .comment       0x00000030       0x31 ../drivers\libIotLibrary.a(fifo.o)
 .comment       0x00000030       0x31 c:/program files (x86)/atmel/studio/7.0/toolchain/avr8/avr8-gnu-toolchain/bin/../lib/gcc/avr/5.4.0/../../../../avr/lib/avr6\libc.a(malloc.o)
 .comment       0x00000030       0x31 c:/program files (x86)/atmel/studio/7.0/toolchain/avr8/avr8-gnu-toolchain/bin/../lib/gcc/avr/5.4.0/../../../../avr/lib/avr6\libc.a(iob.o)
 .comment       0x00000030       0x31 c:/program files (x86)/atmel/studio/7.0/toolchain/avr8/avr8-gnu-toolchain/bin/../lib/gcc/avr/5.4.0/../../../../avr/lib/avr6\libc.a(printf.o)
 .comment       0x00000030       0x31 c:/program files (x86)/atmel/studio/7.0/toolchain/avr8/avr8-gnu-toolchain/bin/../lib/gcc/avr/5.4.0/../../../../avr/lib/avr6\libc.a(puts.o)
 .comment       0x00000030       0x31 c:/program files (x86)/atmel/studio/7.0/toolchain/avr8/avr8-gnu-toolchain/bin/../lib/gcc/avr/5.4.0/../../../../avr/lib/avr6\libc.a(sprintf.o)
 .comment       0x00000030       0x2c c:/program files (x86)/atmel/studio/7.0/toolchain/avr8/avr8-gnu-toolchain/bin/../lib/gcc/avr/5.4.0/../../../../avr/lib/avr6\libc.a(vfprintf_std.o)
                                 0x2d (size before relaxing)
 .comment       0x0000005c       0x31 c:/program files (x86)/atmel/studio/7.0/toolchain/avr8/avr8-gnu-toolchain/bin/../lib/gcc/avr/5.4.0/../../../../avr/lib/avr6\libc.a(fputc.o)

.note.gnu.avr.deviceinfo
                0x00000000       0x40
 .note.gnu.avr.deviceinfo
                0x00000000       0x40 C:/Program Files (x86)/Atmel/Studio/7.0/Packs/atmel/ATmega_DFP/1.6.364/gcc/dev/atmega2560/avr6/crtatmega2560.o

.note.gnu.build-id
 *(.note.gnu.build-id)

.debug
 *(.debug)

.line
 *(.line)

.debug_srcinfo
 *(.debug_srcinfo)

.debug_sfnames
 *(.debug_sfnames)

.debug_aranges  0x00000000      0xa70
 *(.debug_aranges)
 .debug_aranges
                0x00000000       0x28 Application.o
 .debug_aranges
                0x00000028       0x38 SensorDataPackageHandler.o
 .debug_aranges
                0x00000060       0x30 UpLinkHandler.o
 .debug_aranges
                0x00000090       0x28 Setup.o
 .debug_aranges
                0x000000b8       0x50 TemperatureHumiditySensor.o
 .debug_aranges
                0x00000108       0x68 FreeRTOS/src/event_groups.o
 .debug_aranges
                0x00000170       0x58 FreeRTOS/src/heap_4.o
 .debug_aranges
                0x000001c8       0x40 FreeRTOS/src/list.o
 .debug_aranges
                0x00000208       0x58 FreeRTOS/src/port.o
 .debug_aranges
                0x00000260       0xf8 FreeRTOS/src/queue.o
 .debug_aranges
                0x00000358       0xc0 FreeRTOS/src/stream_buffer.o
 .debug_aranges
                0x00000418      0x1b0 FreeRTOS/src/tasks.o
 .debug_aranges
                0x000005c8       0xc8 FreeRTOS/src/timers.o
 .debug_aranges
                0x00000690       0x40 FreeRTOS/src/variantHooks.o
 .debug_aranges
                0x000006d0       0x38 main.o
 .debug_aranges
                0x00000708       0x68 ../drivers\libIotLibrary.a(hih8120.o)
 .debug_aranges
                0x00000770      0x138 ../drivers\libIotLibrary.a(lora_driver.o)
 .debug_aranges
                0x000008a8       0x28 ../drivers\libIotLibrary.a(lora_driver_utils.o)
 .debug_aranges
                0x000008d0       0x90 ../drivers\libIotLibrary.a(serial.o)
 .debug_aranges
                0x00000960       0x38 ../drivers\libIotLibrary.a(stdio_driver.o)
 .debug_aranges
                0x00000998       0x68 ../drivers\libIotLibrary.a(status_leds.o)
 .debug_aranges
                0x00000a00       0x50 ../drivers\libIotLibrary.a(twi.o)
 .debug_aranges
                0x00000a50       0x20 ../drivers\libIotLibrary.a(fifo.o)

.debug_pubnames
 *(.debug_pubnames)

.debug_info     0x00000000     0xce60
 *(.debug_info .gnu.linkonce.wi.*)
 .debug_info    0x00000000      0xbbc C:/Program Files (x86)/Atmel/Studio/7.0/Packs/atmel/ATmega_DFP/1.6.364/gcc/dev/atmega2560/avr6/crtatmega2560.o
 .debug_info    0x00000bbc      0x44f Application.o
 .debug_info    0x0000100b      0x1f9 SensorDataPackageHandler.o
 .debug_info    0x00001204      0x7a8 UpLinkHandler.o
 .debug_info    0x000019ac      0x194 Setup.o
 .debug_info    0x00001b40      0x4d1 TemperatureHumiditySensor.o
 .debug_info    0x00002011      0x971 FreeRTOS/src/event_groups.o
 .debug_info    0x00002982      0x4e6 FreeRTOS/src/heap_4.o
 .debug_info    0x00002e68      0x2e7 FreeRTOS/src/list.o
 .debug_info    0x0000314f      0x2ff FreeRTOS/src/port.o
 .debug_info    0x0000344e     0x17e6 FreeRTOS/src/queue.o
 .debug_info    0x00004c34     0x13df FreeRTOS/src/stream_buffer.o
 .debug_info    0x00006013     0x1f68 FreeRTOS/src/tasks.o
 .debug_info    0x00007f7b     0x10dd FreeRTOS/src/timers.o
 .debug_info    0x00009058      0x20f FreeRTOS/src/variantHooks.o
 .debug_info    0x00009267      0x232 main.o
 .debug_info    0x00009499      0x3a9 ../drivers\libIotLibrary.a(hih8120.o)
 .debug_info    0x00009842     0x1747 ../drivers\libIotLibrary.a(lora_driver.o)
 .debug_info    0x0000af89      0x143 ../drivers\libIotLibrary.a(lora_driver_utils.o)
 .debug_info    0x0000b0cc      0xd9c ../drivers\libIotLibrary.a(serial.o)
 .debug_info    0x0000be68      0x3b6 ../drivers\libIotLibrary.a(stdio_driver.o)
 .debug_info    0x0000c21e      0x522 ../drivers\libIotLibrary.a(status_leds.o)
 .debug_info    0x0000c740      0x55d ../drivers\libIotLibrary.a(twi.o)
 .debug_info    0x0000cc9d      0x1c3 ../drivers\libIotLibrary.a(fifo.o)

.debug_abbrev   0x00000000     0x3375
 *(.debug_abbrev)
 .debug_abbrev  0x00000000      0xb1a C:/Program Files (x86)/Atmel/Studio/7.0/Packs/atmel/ATmega_DFP/1.6.364/gcc/dev/atmega2560/avr6/crtatmega2560.o
 .debug_abbrev  0x00000b1a      0x182 Application.o
 .debug_abbrev  0x00000c9c      0x11e SensorDataPackageHandler.o
 .debug_abbrev  0x00000dba      0x1b8 UpLinkHandler.o
 .debug_abbrev  0x00000f72       0xdb Setup.o
 .debug_abbrev  0x0000104d      0x193 TemperatureHumiditySensor.o
 .debug_abbrev  0x000011e0      0x1dc FreeRTOS/src/event_groups.o
 .debug_abbrev  0x000013bc      0x200 FreeRTOS/src/heap_4.o
 .debug_abbrev  0x000015bc       0xff FreeRTOS/src/list.o
 .debug_abbrev  0x000016bb      0x179 FreeRTOS/src/port.o
 .debug_abbrev  0x00001834      0x241 FreeRTOS/src/queue.o
 .debug_abbrev  0x00001a75      0x246 FreeRTOS/src/stream_buffer.o
 .debug_abbrev  0x00001cbb      0x2c8 FreeRTOS/src/tasks.o
 .debug_abbrev  0x00001f83      0x28c FreeRTOS/src/timers.o
 .debug_abbrev  0x0000220f       0xff FreeRTOS/src/variantHooks.o
 .debug_abbrev  0x0000230e      0x10a main.o
 .debug_abbrev  0x00002418      0x184 ../drivers\libIotLibrary.a(hih8120.o)
 .debug_abbrev  0x0000259c      0x33b ../drivers\libIotLibrary.a(lora_driver.o)
 .debug_abbrev  0x000028d7       0xc0 ../drivers\libIotLibrary.a(lora_driver_utils.o)
 .debug_abbrev  0x00002997      0x355 ../drivers\libIotLibrary.a(serial.o)
 .debug_abbrev  0x00002cec      0x1b3 ../drivers\libIotLibrary.a(stdio_driver.o)
 .debug_abbrev  0x00002e9f      0x1d7 ../drivers\libIotLibrary.a(status_leds.o)
 .debug_abbrev  0x00003076      0x217 ../drivers\libIotLibrary.a(twi.o)
 .debug_abbrev  0x0000328d       0xe8 ../drivers\libIotLibrary.a(fifo.o)

.debug_line     0x00000000     0x65b9
 *(.debug_line .debug_line.* .debug_line_end)
 .debug_line    0x00000000      0x1fa C:/Program Files (x86)/Atmel/Studio/7.0/Packs/atmel/ATmega_DFP/1.6.364/gcc/dev/atmega2560/avr6/crtatmega2560.o
 .debug_line    0x000001fa      0x1e9 Application.o
 .debug_line    0x000003e3      0x171 SensorDataPackageHandler.o
 .debug_line    0x00000554      0x24a UpLinkHandler.o
 .debug_line    0x0000079e      0x1a1 Setup.o
 .debug_line    0x0000093f      0x22b TemperatureHumiditySensor.o
 .debug_line    0x00000b6a      0x413 FreeRTOS/src/event_groups.o
 .debug_line    0x00000f7d      0x41f FreeRTOS/src/heap_4.o
 .debug_line    0x0000139c      0x1db FreeRTOS/src/list.o
 .debug_line    0x00001577      0x28a FreeRTOS/src/port.o
 .debug_line    0x00001801      0xbe3 FreeRTOS/src/queue.o
 .debug_line    0x000023e4      0x79a FreeRTOS/src/stream_buffer.o
 .debug_line    0x00002b7e     0x13cb FreeRTOS/src/tasks.o
 .debug_line    0x00003f49      0x624 FreeRTOS/src/timers.o
 .debug_line    0x0000456d      0x1af FreeRTOS/src/variantHooks.o
 .debug_line    0x0000471c      0x1ca main.o
 .debug_line    0x000048e6      0x24a ../drivers\libIotLibrary.a(hih8120.o)
 .debug_line    0x00004b30      0x9aa ../drivers\libIotLibrary.a(lora_driver.o)
 .debug_line    0x000054da      0x195 ../drivers\libIotLibrary.a(lora_driver_utils.o)
 .debug_line    0x0000566f      0x6a1 ../drivers\libIotLibrary.a(serial.o)
 .debug_line    0x00005d10      0x146 ../drivers\libIotLibrary.a(stdio_driver.o)
 .debug_line    0x00005e56      0x32c ../drivers\libIotLibrary.a(status_leds.o)
 .debug_line    0x00006182      0x31c ../drivers\libIotLibrary.a(twi.o)
 .debug_line    0x0000649e      0x11b ../drivers\libIotLibrary.a(fifo.o)

.debug_frame    0x00000000     0x24f0
 *(.debug_frame)
 .debug_frame   0x00000000       0x54 Application.o
 .debug_frame   0x00000054       0x64 SensorDataPackageHandler.o
 .debug_frame   0x000000b8       0x80 UpLinkHandler.o
 .debug_frame   0x00000138       0x48 Setup.o
 .debug_frame   0x00000180       0x9c TemperatureHumiditySensor.o
 .debug_frame   0x0000021c      0x1dc FreeRTOS/src/event_groups.o
 .debug_frame   0x000003f8       0xfc FreeRTOS/src/heap_4.o
 .debug_frame   0x000004f4       0x90 FreeRTOS/src/list.o
 .debug_frame   0x00000584       0x94 FreeRTOS/src/port.o
 .debug_frame   0x00000618      0x3a4 FreeRTOS/src/queue.o
 .debug_frame   0x000009bc      0x40c FreeRTOS/src/stream_buffer.o
 .debug_frame   0x00000dc8      0x708 FreeRTOS/src/tasks.o
 .debug_frame   0x000014d0      0x3ac FreeRTOS/src/timers.o
 .debug_frame   0x0000187c       0x64 FreeRTOS/src/variantHooks.o
 .debug_frame   0x000018e0       0x54 main.o
 .debug_frame   0x00001934       0xc0 ../drivers\libIotLibrary.a(hih8120.o)
 .debug_frame   0x000019f4      0x460 ../drivers\libIotLibrary.a(lora_driver.o)
 .debug_frame   0x00001e54       0x48 ../drivers\libIotLibrary.a(lora_driver_utils.o)
 .debug_frame   0x00001e9c      0x384 ../drivers\libIotLibrary.a(serial.o)
 .debug_frame   0x00002220       0x94 ../drivers\libIotLibrary.a(stdio_driver.o)
 .debug_frame   0x000022b4       0xec ../drivers\libIotLibrary.a(status_leds.o)
 .debug_frame   0x000023a0      0x12c ../drivers\libIotLibrary.a(twi.o)
 .debug_frame   0x000024cc       0x24 ../drivers\libIotLibrary.a(fifo.o)

.debug_str      0x00000000     0x3fa3
 *(.debug_str)
 .debug_str     0x00000000      0x3e6 C:/Program Files (x86)/Atmel/Studio/7.0/Packs/atmel/ATmega_DFP/1.6.364/gcc/dev/atmega2560/avr6/crtatmega2560.o
 .debug_str     0x000003e6      0x32a Application.o
                                0x3c2 (size before relaxing)
 .debug_str     0x00000710       0x60 SensorDataPackageHandler.o
                                0x261 (size before relaxing)
 .debug_str     0x00000770      0x476 UpLinkHandler.o
                                0x6cb (size before relaxing)
 .debug_str     0x00000be6       0x70 Setup.o
                                0x267 (size before relaxing)
 .debug_str     0x00000c56      0x160 TemperatureHumiditySensor.o
                                0x41d (size before relaxing)
 .debug_str     0x00000db6      0x3b4 FreeRTOS/src/event_groups.o
                                0x5cc (size before relaxing)
 .debug_str     0x0000116a      0x2c7 FreeRTOS/src/heap_4.o
                                0x4c2 (size before relaxing)
 .debug_str     0x00001431       0x89 FreeRTOS/src/list.o
                                0x2fe (size before relaxing)
 .debug_str     0x000014ba      0x147 FreeRTOS/src/port.o
                                0x333 (size before relaxing)
 .debug_str     0x00001601      0x652 FreeRTOS/src/queue.o
                                0x972 (size before relaxing)
 .debug_str     0x00001c53      0x484 FreeRTOS/src/stream_buffer.o
                                0x7fb (size before relaxing)
 .debug_str     0x000020d7      0x81c FreeRTOS/src/tasks.o
                                0xf20 (size before relaxing)
 .debug_str     0x000028f3      0x414 FreeRTOS/src/timers.o
                                0x869 (size before relaxing)
 .debug_str     0x00002d07       0x81 FreeRTOS/src/variantHooks.o
                                0x2aa (size before relaxing)
 .debug_str     0x00002d88       0x96 main.o
                                0x2a7 (size before relaxing)
 .debug_str     0x00002e1e      0x2d9 ../drivers\libIotLibrary.a(hih8120.o)
                                0x45c (size before relaxing)
 .debug_str     0x000030f7      0x6ac ../drivers\libIotLibrary.a(lora_driver.o)
                                0xcdb (size before relaxing)
 .debug_str     0x000037a3       0x54 ../drivers\libIotLibrary.a(lora_driver_utils.o)
                                0x206 (size before relaxing)
 .debug_str     0x000037f7      0x2f1 ../drivers\libIotLibrary.a(serial.o)
                                0x628 (size before relaxing)
 .debug_str     0x00003ae8       0xa6 ../drivers\libIotLibrary.a(stdio_driver.o)
                                0x37d (size before relaxing)
 .debug_str     0x00003b8e      0x104 ../drivers\libIotLibrary.a(status_leds.o)
                                0x381 (size before relaxing)
 .debug_str     0x00003c92      0x2ef ../drivers\libIotLibrary.a(twi.o)
                                0x5b4 (size before relaxing)
 .debug_str     0x00003f81       0x22 ../drivers\libIotLibrary.a(fifo.o)
                                0x239 (size before relaxing)

.debug_loc      0x00000000     0xb9bd
 *(.debug_loc)
 .debug_loc     0x00000000       0xf3 Application.o
 .debug_loc     0x000000f3       0x90 SensorDataPackageHandler.o
 .debug_loc     0x00000183      0x174 UpLinkHandler.o
 .debug_loc     0x000002f7       0x63 Setup.o
 .debug_loc     0x0000035a       0xf2 TemperatureHumiditySensor.o
 .debug_loc     0x0000044c      0xcc9 FreeRTOS/src/event_groups.o
 .debug_loc     0x00001115      0x4be FreeRTOS/src/heap_4.o
 .debug_loc     0x000015d3      0x17d FreeRTOS/src/list.o
 .debug_loc     0x00001750       0xf6 FreeRTOS/src/port.o
 .debug_loc     0x00001846     0x1abd FreeRTOS/src/queue.o
 .debug_loc     0x00003303     0x1daf FreeRTOS/src/stream_buffer.o
 .debug_loc     0x000050b2     0x2678 FreeRTOS/src/tasks.o
 .debug_loc     0x0000772a     0x10f3 FreeRTOS/src/timers.o
 .debug_loc     0x0000881d       0xdc FreeRTOS/src/variantHooks.o
 .debug_loc     0x000088f9       0x9f ../drivers\libIotLibrary.a(hih8120.o)
 .debug_loc     0x00008998     0x1216 ../drivers\libIotLibrary.a(lora_driver.o)
 .debug_loc     0x00009bae      0x1d2 ../drivers\libIotLibrary.a(lora_driver_utils.o)
 .debug_loc     0x00009d80     0x114c ../drivers\libIotLibrary.a(serial.o)
 .debug_loc     0x0000aecc      0x18c ../drivers\libIotLibrary.a(stdio_driver.o)
 .debug_loc     0x0000b058      0x292 ../drivers\libIotLibrary.a(status_leds.o)
 .debug_loc     0x0000b2ea      0x575 ../drivers\libIotLibrary.a(twi.o)
 .debug_loc     0x0000b85f      0x15e ../drivers\libIotLibrary.a(fifo.o)

.debug_macinfo
 *(.debug_macinfo)

.debug_weaknames
 *(.debug_weaknames)

.debug_funcnames
 *(.debug_funcnames)

.debug_typenames
 *(.debug_typenames)

.debug_varnames
 *(.debug_varnames)

.debug_pubtypes
 *(.debug_pubtypes)

.debug_ranges   0x00000000      0x9d0
 *(.debug_ranges)
 .debug_ranges  0x00000000       0x18 Application.o
 .debug_ranges  0x00000018       0x28 SensorDataPackageHandler.o
 .debug_ranges  0x00000040       0x20 UpLinkHandler.o
 .debug_ranges  0x00000060       0x18 Setup.o
 .debug_ranges  0x00000078       0x40 TemperatureHumiditySensor.o
 .debug_ranges  0x000000b8       0x70 FreeRTOS/src/event_groups.o
 .debug_ranges  0x00000128       0x48 FreeRTOS/src/heap_4.o
 .debug_ranges  0x00000170       0x30 FreeRTOS/src/list.o
 .debug_ranges  0x000001a0       0x48 FreeRTOS/src/port.o
 .debug_ranges  0x000001e8      0x130 FreeRTOS/src/queue.o
 .debug_ranges  0x00000318       0xb0 FreeRTOS/src/stream_buffer.o
 .debug_ranges  0x000003c8      0x1e0 FreeRTOS/src/tasks.o
 .debug_ranges  0x000005a8       0xb8 FreeRTOS/src/timers.o
 .debug_ranges  0x00000660       0x30 FreeRTOS/src/variantHooks.o
 .debug_ranges  0x00000690       0x28 main.o
 .debug_ranges  0x000006b8       0x58 ../drivers\libIotLibrary.a(hih8120.o)
 .debug_ranges  0x00000710      0x128 ../drivers\libIotLibrary.a(lora_driver.o)
 .debug_ranges  0x00000838       0x30 ../drivers\libIotLibrary.a(lora_driver_utils.o)
 .debug_ranges  0x00000868       0x98 ../drivers\libIotLibrary.a(serial.o)
 .debug_ranges  0x00000900       0x28 ../drivers\libIotLibrary.a(stdio_driver.o)
 .debug_ranges  0x00000928       0x58 ../drivers\libIotLibrary.a(status_leds.o)
 .debug_ranges  0x00000980       0x40 ../drivers\libIotLibrary.a(twi.o)
 .debug_ranges  0x000009c0       0x10 ../drivers\libIotLibrary.a(fifo.o)

.debug_macro
 *(.debug_macro)
OUTPUT(4 semester.elf elf32-avr)
LOAD linker stubs
