Archive member included to satisfy reference by file (symbol)

c:/program files (x86)/atmel/studio/7.0/toolchain/avr8/avr8-gnu-toolchain/bin/../lib/gcc/avr/5.4.0/../../../../avr/lib/avr6\libm.a(cmpsf2.o)
                              FreeRTOS/src/variantHooks.o (__ltsf2)
c:/program files (x86)/atmel/studio/7.0/toolchain/avr8/avr8-gnu-toolchain/bin/../lib/gcc/avr/5.4.0/../../../../avr/lib/avr6\libm.a(fixunssfsi.o)
                              FreeRTOS/src/variantHooks.o (__fixunssfsi)
c:/program files (x86)/atmel/studio/7.0/toolchain/avr8/avr8-gnu-toolchain/bin/../lib/gcc/avr/5.4.0/../../../../avr/lib/avr6\libm.a(fp_cmp.o)
                              c:/program files (x86)/atmel/studio/7.0/toolchain/avr8/avr8-gnu-toolchain/bin/../lib/gcc/avr/5.4.0/../../../../avr/lib/avr6\libm.a(cmpsf2.o) (__fp_cmp)
c:/program files (x86)/atmel/studio/7.0/toolchain/avr8/avr8-gnu-toolchain/bin/../lib/gcc/avr/5.4.0/../../../../avr/lib/avr6\libm.a(fp_split3.o)
                              c:/program files (x86)/atmel/studio/7.0/toolchain/avr8/avr8-gnu-toolchain/bin/../lib/gcc/avr/5.4.0/../../../../avr/lib/avr6\libm.a(fixunssfsi.o) (__fp_splitA)
c:/program files (x86)/atmel/studio/7.0/toolchain/avr8/avr8-gnu-toolchain/bin/../lib/gcc/avr/5.4.0/../../../../avr/lib/avr6\libm.a(fp_zero.o)
                              c:/program files (x86)/atmel/studio/7.0/toolchain/avr8/avr8-gnu-toolchain/bin/../lib/gcc/avr/5.4.0/../../../../avr/lib/avr6\libm.a(fixunssfsi.o) (__fp_zero)
c:/program files (x86)/atmel/studio/7.0/toolchain/avr8/avr8-gnu-toolchain/bin/../lib/gcc/avr/5.4.0/../../../../avr/lib/avr6\libm.a(gesf2.o)
                              FreeRTOS/src/variantHooks.o (__gtsf2)
c:/program files (x86)/atmel/studio/7.0/toolchain/avr8/avr8-gnu-toolchain/bin/../lib/gcc/avr/5.4.0/../../../../avr/lib/avr6\libm.a(mulsf3.o)
                              FreeRTOS/src/variantHooks.o (__mulsf3)
c:/program files (x86)/atmel/studio/7.0/toolchain/avr8/avr8-gnu-toolchain/bin/../lib/gcc/avr/5.4.0/../../../../avr/lib/avr6\libm.a(mulsf3x.o)
                              c:/program files (x86)/atmel/studio/7.0/toolchain/avr8/avr8-gnu-toolchain/bin/../lib/gcc/avr/5.4.0/../../../../avr/lib/avr6\libm.a(mulsf3.o) (__mulsf3x)
c:/program files (x86)/atmel/studio/7.0/toolchain/avr8/avr8-gnu-toolchain/bin/../lib/gcc/avr/5.4.0/../../../../avr/lib/avr6\libm.a(fp_inf.o)
                              c:/program files (x86)/atmel/studio/7.0/toolchain/avr8/avr8-gnu-toolchain/bin/../lib/gcc/avr/5.4.0/../../../../avr/lib/avr6\libm.a(mulsf3x.o) (__fp_inf)
c:/program files (x86)/atmel/studio/7.0/toolchain/avr8/avr8-gnu-toolchain/bin/../lib/gcc/avr/5.4.0/../../../../avr/lib/avr6\libm.a(fp_nan.o)
                              c:/program files (x86)/atmel/studio/7.0/toolchain/avr8/avr8-gnu-toolchain/bin/../lib/gcc/avr/5.4.0/../../../../avr/lib/avr6\libm.a(mulsf3x.o) (__fp_nan)
c:/program files (x86)/atmel/studio/7.0/toolchain/avr8/avr8-gnu-toolchain/bin/../lib/gcc/avr/5.4.0/../../../../avr/lib/avr6\libm.a(fp_pscA.o)
                              c:/program files (x86)/atmel/studio/7.0/toolchain/avr8/avr8-gnu-toolchain/bin/../lib/gcc/avr/5.4.0/../../../../avr/lib/avr6\libm.a(mulsf3x.o) (__fp_pscA)
c:/program files (x86)/atmel/studio/7.0/toolchain/avr8/avr8-gnu-toolchain/bin/../lib/gcc/avr/5.4.0/../../../../avr/lib/avr6\libm.a(fp_pscB.o)
                              c:/program files (x86)/atmel/studio/7.0/toolchain/avr8/avr8-gnu-toolchain/bin/../lib/gcc/avr/5.4.0/../../../../avr/lib/avr6\libm.a(mulsf3x.o) (__fp_pscB)
c:/program files (x86)/atmel/studio/7.0/toolchain/avr8/avr8-gnu-toolchain/bin/../lib/gcc/avr/5.4.0/../../../../avr/lib/avr6\libm.a(fp_round.o)
                              c:/program files (x86)/atmel/studio/7.0/toolchain/avr8/avr8-gnu-toolchain/bin/../lib/gcc/avr/5.4.0/../../../../avr/lib/avr6\libm.a(mulsf3.o) (__fp_round)
../drivers\libIotLibrary.a(hih8120.o)
                              TemperatureHumiditySensor.o (hih8120_initialise)
../drivers\libIotLibrary.a(lora_driver.o)
                              UpLinkHandler.o (lora_driver_flushBuffers)
../drivers\libIotLibrary.a(lora_driver_utils.o)
                              ../drivers\libIotLibrary.a(lora_driver.o) (decode_port_no)
../drivers\libIotLibrary.a(mh_z19.o)
                              Co2Sensor.o (mh_z19_initialise)
../drivers\libIotLibrary.a(rc_servo.o)
                              WindowController.o (rc_servo_setPosition)
../drivers\libIotLibrary.a(serial.o)
                              ../drivers\libIotLibrary.a(lora_driver.o) (serial_create)
../drivers\libIotLibrary.a(stdio_driver.o)
                              main.o (stdio_initialise)
../drivers\libIotLibrary.a(status_leds.o)
                              main.o (status_leds_initialise)
../drivers\libIotLibrary.a(twi.o)
                              ../drivers\libIotLibrary.a(hih8120.o) (twiCreate)
../drivers\libIotLibrary.a(fifo.o)
                              ../drivers\libIotLibrary.a(serial.o) (fifo_init)
[...]
Memory Configuration

Name             Origin             Length             Attributes
text             0x00000000         0x00040000         xr
data             0x00800200         0x00002000         rw !x
eeprom           0x00810000         0x00001000         rw !x
fuse             0x00820000         0x00000003         rw !x
lock             0x00830000         0x00000400         rw !x
signature        0x00840000         0x00000400         rw !x
user_signatures  0x00850000         0x00000400         rw !x
*default*        0x00000000         0xffffffff

Linker script and memory map

Address of section .data set to 0x800200
LOAD C:/Program Files (x86)/Atmel/Studio/7.0/Packs/atmel/ATmega_DFP/1.6.364/gcc/dev/atmega2560/avr6/crtatmega2560.o
LOAD Application.o
LOAD Co2Sensor.o
LOAD Configuration.o
LOAD DownLinkHandler.o
LOAD SensorDataPackageHandler.o
LOAD UpLinkHandler.o
LOAD WindowController.o
LOAD Setup.o
LOAD TemperatureHumiditySensor.o
LOAD FreeRTOS/FreeRTOSTraceDriver/FreeRTOSTraceDriver.o
LOAD FreeRTOS/src/croutine.o
LOAD FreeRTOS/src/event_groups.o
LOAD FreeRTOS/src/heap_4.o
LOAD FreeRTOS/src/list.o
LOAD FreeRTOS/src/port.o
LOAD FreeRTOS/src/queue.o
LOAD FreeRTOS/src/stream_buffer.o
LOAD FreeRTOS/src/tasks.o
LOAD FreeRTOS/src/timers.o
LOAD FreeRTOS/src/variantHooks.o
LOAD main.o
START GROUP
LOAD c:/program files (x86)/atmel/studio/7.0/toolchain/avr8/avr8-gnu-toolchain/bin/../lib/gcc/avr/5.4.0/../../../../avr/lib/avr6\libm.a
LOAD ../drivers\libIotLibrary.a
END GROUP
START GROUP
LOAD c:/program files (x86)/atmel/studio/7.0/toolchain/avr8/avr8-gnu-toolchain/bin/../lib/gcc/avr/5.4.0/avr6\libgcc.a
LOAD c:/program files (x86)/atmel/studio/7.0/toolchain/avr8/avr8-gnu-toolchain/bin/../lib/gcc/avr/5.4.0/../../../../avr/lib/avr6\libm.a
LOAD c:/program files (x86)/atmel/studio/7.0/toolchain/avr8/avr8-gnu-toolchain/bin/../lib/gcc/avr/5.4.0/../../../../avr/lib/avr6\libc.a
LOAD C:/Program Files (x86)/Atmel/Studio/7.0/Packs/atmel/ATmega_DFP/1.6.364/gcc/dev/atmega2560/avr6\libatmega2560.a
END GROUP
                0x00000000                __TEXT_REGION_ORIGIN__ = DEFINED (__TEXT_REGION_ORIGIN__)?__TEXT_REGION_ORIGIN__:0x0
                [0x00800200]                __DATA_REGION_ORIGIN__ = DEFINED (__DATA_REGION_ORIGIN__)?__DATA_REGION_ORIGIN__:0x800200
                [0x00040000]                __TEXT_REGION_LENGTH__ = DEFINED (__TEXT_REGION_LENGTH__)?__TEXT_REGION_LENGTH__:0x100000
                [0x00002000]                __DATA_REGION_LENGTH__ = DEFINED (__DATA_REGION_LENGTH__)?__DATA_REGION_LENGTH__:0xfe00
                [0x00001000]                __EEPROM_REGION_LENGTH__ = DEFINED (__EEPROM_REGION_LENGTH__)?__EEPROM_REGION_LENGTH__:0x10000
                [0x00000003]                __FUSE_REGION_LENGTH__ = DEFINED (__FUSE_REGION_LENGTH__)?__FUSE_REGION_LENGTH__:0x400
                0x00000400                __LOCK_REGION_LENGTH__ = DEFINED (__LOCK_REGION_LENGTH__)?__LOCK_REGION_LENGTH__:0x400
                0x00000400                __SIGNATURE_REGION_LENGTH__ = DEFINED (__SIGNATURE_REGION_LENGTH__)?__SIGNATURE_REGION_LENGTH__:0x400
                0x00000400                __USER_SIGNATURE_REGION_LENGTH__ = DEFINED (__USER_SIGNATURE_REGION_LENGTH__)?__USER_SIGNATURE_REGION_LENGTH__:0x400

.hash
 *(.hash)

.dynsym
 *(.dynsym)

.dynstr
 *(.dynstr)

.gnu.version
 *(.gnu.version)

.gnu.version_d
 *(.gnu.version_d)

.gnu.version_r
 *(.gnu.version_r)

.rel.init
 *(.rel.init)

.rela.init
 *(.rela.init)

.rel.text
 *(.rel.text)
 *(.rel.text.*)
 *(.rel.gnu.linkonce.t*)

.rela.text
 *(.rela.text)
 *(.rela.text.*)
 *(.rela.gnu.linkonce.t*)

.rel.fini
 *(.rel.fini)

.rela.fini
 *(.rela.fini)

.rel.rodata
 *(.rel.rodata)
 *(.rel.rodata.*)
 *(.rel.gnu.linkonce.r*)

.rela.rodata
 *(.rela.rodata)
 *(.rela.rodata.*)
 *(.rela.gnu.linkonce.r*)

.rel.data
 *(.rel.data)
 *(.rel.data.*)
 *(.rel.gnu.linkonce.d*)

.rela.data
 *(.rela.data)
 *(.rela.data.*)
 *(.rela.gnu.linkonce.d*)

.rel.ctors
 *(.rel.ctors)

.rela.ctors
 *(.rela.ctors)

.rel.dtors
 *(.rel.dtors)

.rela.dtors
 *(.rela.dtors)

.rel.got
 *(.rel.got)

.rela.got
 *(.rela.got)

.rel.bss
 *(.rel.bss)

.rela.bss
 *(.rela.bss)

.rel.plt
 *(.rel.plt)

.rela.plt
 *(.rela.plt)

.text           0x00000000     0x9cd6
 *(.vectors)
 .vectors       0x00000000       0xe4 C:/Program Files (x86)/Atmel/Studio/7.0/Packs/atmel/ATmega_DFP/1.6.364/gcc/dev/atmega2560/avr6/crtatmega2560.o
                0x00000000                __vector_default
                0x00000000                __vectors
 *(.vectors)
 *(.progmem.gcc*)
 .progmem.gcc_sw_table.prvProcessReceivedCommands
                0x000000e4       0x14 FreeRTOS/src/timers.o
 .progmem.gcc_sw_table.__vector_39
                0x000000f8       0xa2 ../drivers\libIotLibrary.a(twi.o)
                0x0000019a                . = ALIGN (0x2)
                0x0000019a                __trampolines_start = .
 *(.trampolines)
 .trampolines   0x0000019a        0x0 linker stubs
 *(.trampolines*)
                0x0000019a                __trampolines_end = .
 *libprintf_flt.a:*(.progmem.data)
 *libc.a:*(.progmem.data)
 *(.progmem*)
                0x0000019a                . = ALIGN (0x2)
 *(.jumptables)
 *(.jumptables*)
 *(.lowtext)
 .lowtext       0x0000019a       0x26 FreeRTOS/src/tasks.o
 .lowtext       0x000001c0       0x46 FreeRTOS/src/timers.o
 *(.lowtext*)
                0x00000206                __ctors_start = .
 *(.ctors)
                0x00000206                __ctors_end = .
                0x00000206                __dtors_start = .
 *(.dtors)
                0x00000206                __dtors_end = .
 SORT(*)(.ctors)
 SORT(*)(.dtors)
 *(.init0)
 .init0         0x00000206        0x0 C:/Program Files (x86)/Atmel/Studio/7.0/Packs/atmel/ATmega_DFP/1.6.364/gcc/dev/atmega2560/avr6/crtatmega2560.o
                0x00000206                __init
 *(.init0)
 *(.init1)
 *(.init1)
 *(.init2)
 .init2         0x00000206       0x10 C:/Program Files (x86)/Atmel/Studio/7.0/Packs/atmel/ATmega_DFP/1.6.364/gcc/dev/atmega2560/avr6/crtatmega2560.o
 *(.init2)
 *(.init3)
 *(.init3)
 *(.init4)
 .init4         0x00000216       0x1a c:/program files (x86)/atmel/studio/7.0/toolchain/avr8/avr8-gnu-toolchain/bin/../lib/gcc/avr/5.4.0/avr6\libgcc.a(_copy_data.o)
                0x00000216                __do_copy_data
 .init4         0x00000230       0x10 c:/program files (x86)/atmel/studio/7.0/toolchain/avr8/avr8-gnu-toolchain/bin/../lib/gcc/avr/5.4.0/avr6\libgcc.a(_clear_bss.o)
                0x00000230                __do_clear_bss
 *(.init4)
 *(.init5)
 *(.init5)
 *(.init6)
 *(.init6)
 *(.init7)
 *(.init7)
 *(.init8)
 *(.init8)
 *(.init9)
 .init9         0x00000240        0x8 C:/Program Files (x86)/Atmel/Studio/7.0/Packs/atmel/ATmega_DFP/1.6.364/gcc/dev/atmega2560/avr6/crtatmega2560.o
 *(.init9)
 *(.text)
 .text          0x00000248        0x2 C:/Program Files (x86)/Atmel/Studio/7.0/Packs/atmel/ATmega_DFP/1.6.364/gcc/dev/atmega2560/avr6/crtatmega2560.o
                0x00000248                __vector_38
                0x00000248                __vector_22
                0x00000248                __vector_28
                0x00000248                __vector_1
                0x00000248                __vector_32
                0x00000248                __vector_34
                0x00000248                __vector_24
                0x00000248                __vector_46
                0x00000248                __bad_interrupt
                0x00000248                __vector_6
                0x00000248                __vector_31
                0x00000248                __vector_35
                0x00000248                __vector_3
                0x00000248                __vector_23
                0x00000248                __vector_30
                0x00000248                __vector_45
                0x00000248                __vector_11
                0x00000248                __vector_13
                0x00000248                __vector_17
                0x00000248                __vector_19
                0x00000248                __vector_56
                0x00000248                __vector_7
                0x00000248                __vector_49
                0x00000248                __vector_41
                0x00000248                __vector_43
                0x00000248                __vector_27
                0x00000248                __vector_5
                0x00000248                __vector_33
                0x00000248                __vector_47
                0x00000248                __vector_4
                0x00000248                __vector_44
                0x00000248                __vector_9
                0x00000248                __vector_2
                0x00000248                __vector_21
                0x00000248                __vector_15
                0x00000248                __vector_29
                0x00000248                __vector_40
                0x00000248                __vector_8
                0x00000248                __vector_48
                0x00000248                __vector_14
                0x00000248                __vector_53
                0x00000248                __vector_10
                0x00000248                __vector_50
                0x00000248                __vector_16
                0x00000248                __vector_18
                0x00000248                __vector_20
                0x00000248                __vector_42
                0x0000024a                . = ALIGN (0x2)
 *(.text.*)
 .text.ApplicationTask
                0x0000024a      0x110 Application.o
                0x0000024a                ApplicationTask
 .text.createApplicationTask
                0x0000035a       0x3c Application.o
                0x0000035a                createApplicationTask
 .text.initializeCo2Driver
                0x00000396       0x1e Co2Sensor.o
                0x00000396                initializeCo2Driver
 .text.Co2Task  0x000003b4       0x86 Co2Sensor.o
                0x000003b4                Co2Task
 .text.myCo2CallBack
                0x0000043a       0x28 Co2Sensor.o
                0x0000043a                myCo2CallBack
 .text.getCo2   0x00000462       0x16 Co2Sensor.o
                0x00000462                getCo2
 .text.measureCo2
                0x00000478       0x36 Co2Sensor.o
                0x00000478                measureCo2
 .text.createCo2Task
                0x000004ae       0x3e Co2Sensor.o
                0x000004ae                createCo2Task
 .text.createConfiguration
                0x000004ec       0x8e Configuration.o
                0x000004ec                createConfiguration
 .text.getCo2Norm
                0x0000057a       0x16 Configuration.o
                0x0000057a                getCo2Norm
 .text.getTempNorm
                0x00000590       0x16 Configuration.o
                0x00000590                getTempNorm
 .text.getHumNorm
                0x000005a6       0x16 Configuration.o
                0x000005a6                getHumNorm
 .text.setCo2Norm
                0x000005bc       0x28 Configuration.o
                0x000005bc                setCo2Norm
 .text.setTempNorm
                0x000005e4       0x28 Configuration.o
                0x000005e4                setTempNorm
 .text.setHumNorm
                0x0000060c       0x28 Configuration.o
                0x0000060c                setHumNorm
 .text.lora_downLink_task
                0x00000634      0x1b2 DownLinkHandler.o
                0x00000634                lora_downLink_task
 .text.lora_downlink_handler_create
                0x000007e6       0x3c DownLinkHandler.o
                0x000007e6                lora_downlink_handler_create
 .text.setHumidity
                0x00000822       0x28 SensorDataPackageHandler.o
                0x00000822                setHumidity
 .text.setTemperature
                0x0000084a       0x28 SensorDataPackageHandler.o
                0x0000084a                setTemperature
 .text.setCo2Ppm
                0x00000872       0x28 SensorDataPackageHandler.o
                0x00000872                setCo2Ppm
 .text.sensorDataPackageHandler_getLoRaPayload
                0x0000089a       0xde SensorDataPackageHandler.o
                0x0000089a                sensorDataPackageHandler_getLoRaPayload
 .text.lora_handler_uplink_payload
                0x00000978       0x3c UpLinkHandler.o
                0x00000978                lora_handler_uplink_payload
 .text._lora_setup
                0x000009b4      0x272 UpLinkHandler.o
                0x000009b4                _lora_setup
 .text.lora_handler_task
                0x00000c26       0xce UpLinkHandler.o
                0x00000c26                lora_handler_task
 .text.createWindowController
                0x00000cf4       0x1c WindowController.o
                0x00000cf4                createWindowController
 .text.openWindow
                0x00000d10       0x24 WindowController.o
                0x00000d10                openWindow
 .text.closeWindow
                0x00000d34       0x20 WindowController.o
                0x00000d34                closeWindow
 .text.windowControllerTask
                0x00000d54      0x1a6 WindowController.o
                0x00000d54                windowControllerTask
 .text.createWindowControllerTask
                0x00000efa       0x3c WindowController.o
                0x00000efa                createWindowControllerTask
 .text.initializeEventGroup
                0x00000f36       0x24 Setup.o
                0x00000f36                initializeEventGroup
 .text.createUpLinkMessageBuffer
                0x00000f5a       0x60 Setup.o
                0x00000f5a                createUpLinkMessageBuffer
 .text.createDownLinkMessageBuffer
                0x00000fba       0x60 Setup.o
                0x00000fba                createDownLinkMessageBuffer
 .text.getHumidity
                0x0000101a       0x16 TemperatureHumiditySensor.o
                0x0000101a                getHumidity
 .text.getTemperature
                0x00001030       0x16 TemperatureHumiditySensor.o
                0x00001030                getTemperature
 .text.initializeTempAndHumDriver
                0x00001046       0x32 TemperatureHumiditySensor.o
                0x00001046                initializeTempAndHumDriver
 .text.measureTempAndHum
                0x00001078       0x48 TemperatureHumiditySensor.o
                0x00001078                measureTempAndHum
 .text.TempAndHumTask
                0x000010c0       0xc4 TemperatureHumiditySensor.o
                0x000010c0                TempAndHumTask
 .text.createTempAndHumTask
                0x00001184       0x3e TemperatureHumiditySensor.o
                0x00001184                createTempAndHumTask
 .text.xEventGroupCreate
                0x000011c2       0x42 FreeRTOS/src/event_groups.o
                0x000011c2                xEventGroupCreate
 .text.xEventGroupWaitBits
                0x00001204      0x26e FreeRTOS/src/event_groups.o
                0x00001204                xEventGroupWaitBits
 .text.xEventGroupSetBits
                0x00001472      0x21c FreeRTOS/src/event_groups.o
                0x00001472                xEventGroupSetBits
 .text.prvTestWaitCondition
                0x0000168e       0x9a FreeRTOS/src/event_groups.o
 .text.pvPortMalloc
                0x00001728      0x22c FreeRTOS/src/heap_4.o
                0x00001728                pvPortMalloc
 .text.vPortFree
                0x00001954       0xde FreeRTOS/src/heap_4.o
                0x00001954                vPortFree
 .text.prvHeapInit
                0x00001a32      0x100 FreeRTOS/src/heap_4.o
 .text.prvInsertBlockIntoFreeList
                0x00001b32      0x168 FreeRTOS/src/heap_4.o
 .text.vListInitialise
                0x00001c9a       0x74 FreeRTOS/src/list.o
                0x00001c9a                vListInitialise
 .text.vListInitialiseItem
                0x00001d0e       0x26 FreeRTOS/src/list.o
                0x00001d0e                vListInitialiseItem
 .text.vListInsert
                0x00001d34      0x10e FreeRTOS/src/list.o
                0x00001d34                vListInsert
 .text.uxListRemove
                0x00001e42       0xae FreeRTOS/src/list.o
                0x00001e42                uxListRemove
 .text.pxPortInitialiseStack
                0x00001ef0      0x11c FreeRTOS/src/port.o
                0x00001ef0                pxPortInitialiseStack
 .text.xPortStartScheduler
                0x0000200c       0x70 FreeRTOS/src/port.o
                0x0000200c                xPortStartScheduler
 .text.vPortYield
                0x0000207c       0xc4 FreeRTOS/src/port.o
                0x0000207c                vPortYield
 .text.vPortYieldFromTick
                0x00002140       0xd4 FreeRTOS/src/port.o
                0x00002140                vPortYieldFromTick
 .text.prvSetupTimerInterrupt
                0x00002214       0x3e FreeRTOS/src/port.o
 .text.__vector_12
                0x00002252        0x6 FreeRTOS/src/port.o
                0x00002252                __vector_12
 .text.xQueueGenericReset
                0x00002258      0x120 FreeRTOS/src/queue.o
                0x00002258                xQueueGenericReset
 .text.xQueueGenericCreate
                0x00002378       0x90 FreeRTOS/src/queue.o
                0x00002378                xQueueGenericCreate
 .text.prvInitialiseNewQueue
                0x00002408       0x7e FreeRTOS/src/queue.o
 .text.prvInitialiseMutex
                0x00002486       0x56 FreeRTOS/src/queue.o
 .text.xQueueCreateMutex
                0x000024dc       0x3c FreeRTOS/src/queue.o
                0x000024dc                xQueueCreateMutex
 .text.xQueueGenericSend
                0x00002518      0x16c FreeRTOS/src/queue.o
                0x00002518                xQueueGenericSend
 .text.xQueueGenericSendFromISR
                0x00002684       0xc6 FreeRTOS/src/queue.o
                0x00002684                xQueueGenericSendFromISR
 .text.xQueueReceive
                0x0000274a      0x168 FreeRTOS/src/queue.o
                0x0000274a                xQueueReceive
 .text.xQueueSemaphoreTake
                0x000028b2      0x1ca FreeRTOS/src/queue.o
                0x000028b2                xQueueSemaphoreTake
 .text.prvGetDisinheritPriorityAfterTimeout
                0x00002a7c       0x48 FreeRTOS/src/queue.o
 .text.prvCopyDataToQueue
                0x00002ac4      0x1a0 FreeRTOS/src/queue.o
 .text.prvCopyDataFromQueue
                0x00002c64       0xa2 FreeRTOS/src/queue.o
 .text.prvUnlockQueue
                0x00002d06       0xbc FreeRTOS/src/queue.o
 .text.prvIsQueueEmpty
                0x00002dc2       0x3a FreeRTOS/src/queue.o
 .text.prvIsQueueFull
                0x00002dfc       0x42 FreeRTOS/src/queue.o
 .text.vQueueWaitForMessageRestricted
                0x00002e3e       0x9e FreeRTOS/src/queue.o
                0x00002e3e                vQueueWaitForMessageRestricted
 .text.xStreamBufferGenericCreate
                0x00002edc       0xaa FreeRTOS/src/stream_buffer.o
                0x00002edc                xStreamBufferGenericCreate
 .text.xStreamBufferReset
                0x00002f86       0x9c FreeRTOS/src/stream_buffer.o
                0x00002f86                xStreamBufferReset
 .text.xStreamBufferSpacesAvailable
                0x00003022       0x9c FreeRTOS/src/stream_buffer.o
                0x00003022                xStreamBufferSpacesAvailable
 .text.xStreamBufferSend
                0x000030be      0x1f4 FreeRTOS/src/stream_buffer.o
                0x000030be                xStreamBufferSend
 .text.xStreamBufferSendFromISR
                0x000032b2      0x102 FreeRTOS/src/stream_buffer.o
                0x000032b2                xStreamBufferSendFromISR
 .text.prvWriteMessageToBuffer
                0x000033b4       0xd8 FreeRTOS/src/stream_buffer.o
 .text.xStreamBufferReceive
                0x0000348c      0x194 FreeRTOS/src/stream_buffer.o
                0x0000348c                xStreamBufferReceive
 .text.prvReadMessageFromBuffer
                0x00003620       0xcc FreeRTOS/src/stream_buffer.o
 .text.prvWriteBytesToBuffer
                0x000036ec      0x11e FreeRTOS/src/stream_buffer.o
 .text.prvReadBytesFromBuffer
                0x0000380a      0x14e FreeRTOS/src/stream_buffer.o
 .text.prvBytesInBuffer
                0x00003958       0x86 FreeRTOS/src/stream_buffer.o
 .text.prvInitialiseNewStreamBuffer
                0x000039de       0x82 FreeRTOS/src/stream_buffer.o
 .text.xTaskCreate
                0x00003a60       0xdc FreeRTOS/src/tasks.o
                0x00003a60                xTaskCreate
 .text.prvInitialiseNewTask
                0x00003b3c      0x1de FreeRTOS/src/tasks.o
 .text.prvAddNewTaskToReadyList
                0x00003d1a      0x1a6 FreeRTOS/src/tasks.o
 .text.xTaskDelayUntil
                0x00003ec0      0x178 FreeRTOS/src/tasks.o
                0x00003ec0                xTaskDelayUntil
 .text.vTaskDelay
                0x00004038       0x5c FreeRTOS/src/tasks.o
                0x00004038                vTaskDelay
 .text.vTaskStartScheduler
                0x00004094       0x8a FreeRTOS/src/tasks.o
                0x00004094                vTaskStartScheduler
 .text.vTaskSuspendAll
                0x0000411e       0x1a FreeRTOS/src/tasks.o
                0x0000411e                vTaskSuspendAll
 .text.xTaskResumeAll
                0x00004138      0x31e FreeRTOS/src/tasks.o
                0x00004138                xTaskResumeAll
 .text.xTaskGetTickCount
                0x00004456       0x48 FreeRTOS/src/tasks.o
                0x00004456                xTaskGetTickCount
 .text.xTaskIncrementTick
                0x0000449e      0x3f2 FreeRTOS/src/tasks.o
                0x0000449e                xTaskIncrementTick
 .text.vTaskSwitchContext
                0x00004890      0x118 FreeRTOS/src/tasks.o
                0x00004890                vTaskSwitchContext
 .text.vTaskPlaceOnEventList
                0x000049a8       0x56 FreeRTOS/src/tasks.o
                0x000049a8                vTaskPlaceOnEventList
 .text.vTaskPlaceOnUnorderedEventList
                0x000049fe      0x104 FreeRTOS/src/tasks.o
                0x000049fe                vTaskPlaceOnUnorderedEventList
 .text.vTaskPlaceOnEventListRestricted
                0x00004b02       0xee FreeRTOS/src/tasks.o
                0x00004b02                vTaskPlaceOnEventListRestricted
 .text.xTaskRemoveFromEventList
                0x00004bf0      0x2ea FreeRTOS/src/tasks.o
                0x00004bf0                xTaskRemoveFromEventList
 .text.vTaskRemoveFromUnorderedEventList
                0x00004eda      0x27c FreeRTOS/src/tasks.o
                0x00004eda                vTaskRemoveFromUnorderedEventList
 .text.vTaskSetTimeOutState
                0x00005156       0x50 FreeRTOS/src/tasks.o
                0x00005156                vTaskSetTimeOutState
 .text.vTaskInternalSetTimeOutState
                0x000051a6       0x46 FreeRTOS/src/tasks.o
                0x000051a6                vTaskInternalSetTimeOutState
 .text.xTaskCheckForTimeOut
                0x000051ec      0x144 FreeRTOS/src/tasks.o
                0x000051ec                xTaskCheckForTimeOut
 .text.vTaskMissedYield
                0x00005330       0x16 FreeRTOS/src/tasks.o
                0x00005330                vTaskMissedYield
 .text.prvInitialiseTaskLists
                0x00005346       0x76 FreeRTOS/src/tasks.o
 .text.prvCheckTasksWaitingTermination
                0x000053bc       0x62 FreeRTOS/src/tasks.o
 .text.prvDeleteTCB
                0x0000541e       0x32 FreeRTOS/src/tasks.o
 .text.prvResetNextTaskUnblockTime
                0x00005450       0x60 FreeRTOS/src/tasks.o
 .text.xTaskGetCurrentTaskHandle
                0x000054b0       0x26 FreeRTOS/src/tasks.o
                0x000054b0                xTaskGetCurrentTaskHandle
 .text.xTaskGetSchedulerState
                0x000054d6       0x32 FreeRTOS/src/tasks.o
                0x000054d6                xTaskGetSchedulerState
 .text.xTaskPriorityInherit
                0x00005508      0x22c FreeRTOS/src/tasks.o
                0x00005508                xTaskPriorityInherit
 .text.xTaskPriorityDisinherit
                0x00005734      0x1ce FreeRTOS/src/tasks.o
                0x00005734                xTaskPriorityDisinherit
 .text.vTaskPriorityDisinheritAfterTimeout
                0x00005902      0x20c FreeRTOS/src/tasks.o
                0x00005902                vTaskPriorityDisinheritAfterTimeout
 .text.uxTaskResetEventItemValue
                0x00005b0e       0x8e FreeRTOS/src/tasks.o
                0x00005b0e                uxTaskResetEventItemValue
 .text.pvTaskIncrementMutexHeldCount
                0x00005b9c       0x34 FreeRTOS/src/tasks.o
                0x00005b9c                pvTaskIncrementMutexHeldCount
 .text.xTaskGenericNotifyWait
                0x00005bd0      0x20e FreeRTOS/src/tasks.o
                0x00005bd0                xTaskGenericNotifyWait
 .text.xTaskGenericNotify
                0x00005dde      0x3a2 FreeRTOS/src/tasks.o
                0x00005dde                xTaskGenericNotify
 .text.xTaskGenericNotifyFromISR
                0x00006180      0x438 FreeRTOS/src/tasks.o
                0x00006180                xTaskGenericNotifyFromISR
 .text.xTaskGenericNotifyStateClear
                0x000065b8       0x7e FreeRTOS/src/tasks.o
                0x000065b8                xTaskGenericNotifyStateClear
 .text.prvAddCurrentTaskToDelayedList
                0x00006636      0x120 FreeRTOS/src/tasks.o
 .text.xTimerCreateTimerTask
                0x00006756       0x54 FreeRTOS/src/timers.o
                0x00006756                xTimerCreateTimerTask
 .text.xTimerGenericCommand
                0x000067aa       0xf2 FreeRTOS/src/timers.o
                0x000067aa                xTimerGenericCommand
 .text.prvProcessExpiredTimer
                0x0000689c      0x116 FreeRTOS/src/timers.o
 .text.prvProcessTimerOrBlockTask
                0x000069b2       0xfe FreeRTOS/src/timers.o
 .text.prvGetNextExpireTime
                0x00006ab0       0x82 FreeRTOS/src/timers.o
 .text.prvSampleTimeNow
                0x00006b32       0x8e FreeRTOS/src/timers.o
 .text.prvInsertTimerInActiveList
                0x00006bc0      0x13e FreeRTOS/src/timers.o
 .text.prvProcessReceivedCommands
                0x00006cfe      0x244 FreeRTOS/src/timers.o
 .text.prvSwitchTimerLists
                0x00006f42      0x186 FreeRTOS/src/timers.o
 .text.prvCheckForValidListAndQueue
                0x000070c8       0x60 FreeRTOS/src/timers.o
 .text.vApplicationIdleHook
                0x00007128       0x10 FreeRTOS/src/variantHooks.o
                0x00007128                vApplicationIdleHook
 .text.prvSetMainLedOn
                0x00007138       0x34 FreeRTOS/src/variantHooks.o
                0x00007138                prvSetMainLedOn
 .text.prvBlinkMainLed
                0x0000716c       0x22 FreeRTOS/src/variantHooks.o
                0x0000716c                prvBlinkMainLed
 .text.vApplicationMallocFailedHook
                0x0000718e       0xf2 FreeRTOS/src/variantHooks.o
                0x0000718e                vApplicationMallocFailedHook
 .text.vApplicationStackOverflowHook
                0x00007280       0xfa FreeRTOS/src/variantHooks.o
                0x00007280                vApplicationStackOverflowHook
 .text.initializeUsedData
                0x0000737a       0x32 main.o
                0x0000737a                initializeUsedData
 .text.create_tasks
                0x000073ac       0x34 main.o
                0x000073ac                create_tasks
 .text.initialiseSystem
                0x000073e0       0x32 main.o
                0x000073e0                initialiseSystem
 .text.main     0x00007412       0x18 main.o
                0x00007412                main
 .text.avr-libc.fplib
                0x0000742a        0x8 c:/program files (x86)/atmel/studio/7.0/toolchain/avr8/avr8-gnu-toolchain/bin/../lib/gcc/avr/5.4.0/../../../../avr/lib/avr6\libm.a(cmpsf2.o)
                0x0000742a                __nesf2
                0x0000742a                __eqsf2
                0x0000742a                __cmpsf2
                0x0000742a                __ltsf2
                0x0000742a                __lesf2
 .text.avr-libc.fplib
                0x00007432       0x58 c:/program files (x86)/atmel/studio/7.0/toolchain/avr8/avr8-gnu-toolchain/bin/../lib/gcc/avr/5.4.0/../../../../avr/lib/avr6\libm.a(fixunssfsi.o)
                0x00007432                __fixunssfsi
 .text.avr-libc.fplib
                0x0000748a       0x48 c:/program files (x86)/atmel/studio/7.0/toolchain/avr8/avr8-gnu-toolchain/bin/../lib/gcc/avr/5.4.0/../../../../avr/lib/avr6\libm.a(fp_cmp.o)
                0x0000748a                __fp_cmp
 .text.avr-libc.fplib
                0x000074d2       0x44 c:/program files (x86)/atmel/studio/7.0/toolchain/avr8/avr8-gnu-toolchain/bin/../lib/gcc/avr/5.4.0/../../../../avr/lib/avr6\libm.a(fp_split3.o)
                0x000074d2                __fp_split3
                0x000074e2                __fp_splitA
 .text.avr-libc.fplib
                0x00007516        0xe c:/program files (x86)/atmel/studio/7.0/toolchain/avr8/avr8-gnu-toolchain/bin/../lib/gcc/avr/5.4.0/../../../../avr/lib/avr6\libm.a(fp_zero.o)
                0x00007516                __fp_zero
                0x00007518                __fp_szero
 .text.avr-libc.fplib
                0x00007524        0x8 c:/program files (x86)/atmel/studio/7.0/toolchain/avr8/avr8-gnu-toolchain/bin/../lib/gcc/avr/5.4.0/../../../../avr/lib/avr6\libm.a(gesf2.o)
                0x00007524                __gesf2
                0x00007524                __gtsf2
 .text.avr-libc.fplib
                0x0000752c        0x4 c:/program files (x86)/atmel/studio/7.0/toolchain/avr8/avr8-gnu-toolchain/bin/../lib/gcc/avr/5.4.0/../../../../avr/lib/avr6\libm.a(mulsf3.o)
                0x0000752c                __mulsf3
 .text.avr-libc.fplib
                0x00007530       0xc2 c:/program files (x86)/atmel/studio/7.0/toolchain/avr8/avr8-gnu-toolchain/bin/../lib/gcc/avr/5.4.0/../../../../avr/lib/avr6\libm.a(mulsf3x.o)
                0x00007544                __mulsf3x
                0x00007548                __mulsf3_pse
 .text.avr-libc.fplib
                0x000075f2        0xc c:/program files (x86)/atmel/studio/7.0/toolchain/avr8/avr8-gnu-toolchain/bin/../lib/gcc/avr/5.4.0/../../../../avr/lib/avr6\libm.a(fp_inf.o)
                0x000075f2                __fp_inf
 .text.avr-libc.fplib
                0x000075fe        0x6 c:/program files (x86)/atmel/studio/7.0/toolchain/avr8/avr8-gnu-toolchain/bin/../lib/gcc/avr/5.4.0/../../../../avr/lib/avr6\libm.a(fp_nan.o)
                0x000075fe                __fp_nan
 .text.avr-libc.fplib
                0x00007604        0xe c:/program files (x86)/atmel/studio/7.0/toolchain/avr8/avr8-gnu-toolchain/bin/../lib/gcc/avr/5.4.0/../../../../avr/lib/avr6\libm.a(fp_pscA.o)
                0x00007604                __fp_pscA
 .text.avr-libc.fplib
                0x00007612        0xe c:/program files (x86)/atmel/studio/7.0/toolchain/avr8/avr8-gnu-toolchain/bin/../lib/gcc/avr/5.4.0/../../../../avr/lib/avr6\libm.a(fp_pscB.o)
                0x00007612                __fp_pscB
 .text.avr-libc.fplib
                0x00007620       0x22 c:/program files (x86)/atmel/studio/7.0/toolchain/avr8/avr8-gnu-toolchain/bin/../lib/gcc/avr/5.4.0/../../../../avr/lib/avr6\libm.a(fp_round.o)
                0x00007620                __fp_round
 .text._hihTwiCallback
                0x00007642       0x5a ../drivers\libIotLibrary.a(hih8120.o)
 .text.hih8120_initialise
                0x0000769c       0x30 ../drivers\libIotLibrary.a(hih8120.o)
                0x0000769c                hih8120_initialise
 .text.hih8120_wakeup
                0x000076cc       0x2a ../drivers\libIotLibrary.a(hih8120.o)
                0x000076cc                hih8120_wakeup
 .text.hih8120_measure
                0x000076f6       0x22 ../drivers\libIotLibrary.a(hih8120.o)
                0x000076f6                hih8120_measure
 .text.hih8120_getHumidity
                0x00007718       0x28 ../drivers\libIotLibrary.a(hih8120.o)
                0x00007718                hih8120_getHumidity
 .text.hih8120_getHumidityPercent_x10
                0x00007740       0x12 ../drivers\libIotLibrary.a(hih8120.o)
                0x00007740                hih8120_getHumidityPercent_x10
 .text.hih8120_getTemperature
                0x00007752       0x34 ../drivers\libIotLibrary.a(hih8120.o)
                0x00007752                hih8120_getTemperature
 .text.hih8120_getTemperature_x10
                0x00007786       0x14 ../drivers\libIotLibrary.a(hih8120.o)
                0x00007786                hih8120_getTemperature_x10
 .text._serialCallBack
                0x0000779a       0x8c ../drivers\libIotLibrary.a(lora_driver.o)
 .text._uploadMessage
                0x00007826       0xb4 ../drivers\libIotLibrary.a(lora_driver.o)
 .text._reply2ReturnCode
                0x000078da       0xea ../drivers\libIotLibrary.a(lora_driver.o)
 .text._uploadMessageRc
                0x000079c4        0x6 ../drivers\libIotLibrary.a(lora_driver.o)
 .text.lora_driver_flushBuffers
                0x000079ca        0xe ../drivers\libIotLibrary.a(lora_driver.o)
                0x000079ca                lora_driver_flushBuffers
 .text.lora_driver_initialise
                0x000079d8       0x80 ../drivers\libIotLibrary.a(lora_driver.o)
                0x000079d8                lora_driver_initialise
 .text.lora_driver_resetRn2483
                0x00007a58       0x1c ../drivers\libIotLibrary.a(lora_driver.o)
                0x00007a58                lora_driver_resetRn2483
 .text.lora_driver_rn2483FactoryReset
                0x00007a74       0x24 ../drivers\libIotLibrary.a(lora_driver.o)
                0x00007a74                lora_driver_rn2483FactoryReset
 .text.lora_driver_getRn2483Hweui
                0x00007a98       0x38 ../drivers\libIotLibrary.a(lora_driver.o)
                0x00007a98                lora_driver_getRn2483Hweui
 .text.lora_driver_setDeviceIdentifier
                0x00007ad0       0x22 ../drivers\libIotLibrary.a(lora_driver.o)
                0x00007ad0                lora_driver_setDeviceIdentifier
 .text.lora_driver_setApplicationIdentifier
                0x00007af2       0x22 ../drivers\libIotLibrary.a(lora_driver.o)
                0x00007af2                lora_driver_setApplicationIdentifier
 .text.lora_driver_setApplicationKey
                0x00007b14       0x22 ../drivers\libIotLibrary.a(lora_driver.o)
                0x00007b14                lora_driver_setApplicationKey
 .text.lora_driver_saveMac
                0x00007b36        0xc ../drivers\libIotLibrary.a(lora_driver.o)
                0x00007b36                lora_driver_saveMac
 .text.lora_driver_join
                0x00007b42       0x52 ../drivers\libIotLibrary.a(lora_driver.o)
                0x00007b42                lora_driver_join
 .text.lora_driver_sendUploadMessage
                0x00007b94      0x196 ../drivers\libIotLibrary.a(lora_driver.o)
                0x00007b94                lora_driver_sendUploadMessage
 .text.lora_driver_setAdaptiveDataRate
                0x00007d2a       0x16 ../drivers\libIotLibrary.a(lora_driver.o)
                0x00007d2a                lora_driver_setAdaptiveDataRate
 .text.lora_driver_setReceiveDelay
                0x00007d40       0x30 ../drivers\libIotLibrary.a(lora_driver.o)
                0x00007d40                lora_driver_setReceiveDelay
 .text.lora_driver_configureToEu868
                0x00007d70      0x1bc ../drivers\libIotLibrary.a(lora_driver.o)
                0x00007d70                lora_driver_configureToEu868
 .text.lora_driver_setOtaaIdentity
                0x00007f2c       0x42 ../drivers\libIotLibrary.a(lora_driver.o)
                0x00007f2c                lora_driver_setOtaaIdentity
 .text.lora_driver_mapReturnCodeToText
                0x00007f6e       0x18 ../drivers\libIotLibrary.a(lora_driver.o)
                0x00007f6e                lora_driver_mapReturnCodeToText
 .text.decode_port_no
                0x00007f86       0x58 ../drivers\libIotLibrary.a(lora_driver_utils.o)
                0x00007f86                decode_port_no
 .text.decode_hexadecimal_string_bytes
                0x00007fde       0x92 ../drivers\libIotLibrary.a(lora_driver_utils.o)
                0x00007fde                decode_hexadecimal_string_bytes
 .text._serialCallBack
                0x00008070       0xb6 ../drivers\libIotLibrary.a(mh_z19.o)
 .text.mh_z19_initialise
                0x00008126       0x4a ../drivers\libIotLibrary.a(mh_z19.o)
                0x00008126                mh_z19_initialise
 .text.mh_z19_injectCallBack
                0x00008170        0xa ../drivers\libIotLibrary.a(mh_z19.o)
                0x00008170                mh_z19_injectCallBack
 .text.mh_z19_takeMeassuring
                0x0000817a       0x5e ../drivers\libIotLibrary.a(mh_z19.o)
                0x0000817a                mh_z19_takeMeassuring
 .text.rc_servo_setPosition
                0x000081d8       0x30 ../drivers\libIotLibrary.a(rc_servo.o)
                0x000081d8                rc_servo_setPosition
 .text.rc_servo_initialise
                0x00008208       0x38 ../drivers\libIotLibrary.a(rc_servo.o)
                0x00008208                rc_servo_initialise
 .text.serial_create
                0x00008240      0x142 ../drivers\libIotLibrary.a(serial.o)
                0x00008240                serial_create
 .text.serial_sendByte
                0x00008382       0x56 ../drivers\libIotLibrary.a(serial.o)
                0x00008382                serial_sendByte
 .text.serial_sendBytes
                0x000083d8       0xaa ../drivers\libIotLibrary.a(serial.o)
                0x000083d8                serial_sendBytes
 .text.serial_getByte
                0x00008482       0x40 ../drivers\libIotLibrary.a(serial.o)
                0x00008482                serial_getByte
 .text.__vector_25
                0x000084c2       0xa4 ../drivers\libIotLibrary.a(serial.o)
                0x000084c2                __vector_25
 .text.__vector_26
                0x00008566       0x88 ../drivers\libIotLibrary.a(serial.o)
                0x00008566                __vector_26
 .text.__vector_36
                0x000085ee       0xa4 ../drivers\libIotLibrary.a(serial.o)
                0x000085ee                __vector_36
 .text.__vector_37
                0x00008692       0x88 ../drivers\libIotLibrary.a(serial.o)
                0x00008692                __vector_37
 .text.__vector_51
                0x0000871a       0xa4 ../drivers\libIotLibrary.a(serial.o)
                0x0000871a                __vector_51
 .text.__vector_52
                0x000087be       0x88 ../drivers\libIotLibrary.a(serial.o)
                0x000087be                __vector_52
 .text.__vector_54
                0x00008846       0xa4 ../drivers\libIotLibrary.a(serial.o)
                0x00008846                __vector_54
 .text.__vector_55
                0x000088ea       0x88 ../drivers\libIotLibrary.a(serial.o)
                0x000088ea                __vector_55
 .text.usart_getchar
                0x00008972       0x2a ../drivers\libIotLibrary.a(stdio_driver.o)
 .text.usart_putchar
                0x0000899c       0x12 ../drivers\libIotLibrary.a(stdio_driver.o)
 .text.stdio_initialise
                0x000089ae       0x52 ../drivers\libIotLibrary.a(stdio_driver.o)
                0x000089ae                stdio_initialise
 .text._turn_off
                0x00008a00       0x98 ../drivers\libIotLibrary.a(status_leds.o)
 .text._turn_on
                0x00008a98       0x98 ../drivers\libIotLibrary.a(status_leds.o)
 .text._hal_led_task
                0x00008b30       0x8c ../drivers\libIotLibrary.a(status_leds.o)
 .text.status_leds_initialise
                0x00008bbc       0x9c ../drivers\libIotLibrary.a(status_leds.o)
                0x00008bbc                status_leds_initialise
 .text.status_leds_slowBlink
                0x00008c58       0x46 ../drivers\libIotLibrary.a(status_leds.o)
                0x00008c58                status_leds_slowBlink
 .text.status_leds_fastBlink
                0x00008c9e       0x46 ../drivers\libIotLibrary.a(status_leds.o)
                0x00008c9e                status_leds_fastBlink
 .text.status_leds_ledOn
                0x00008ce4       0x1e ../drivers\libIotLibrary.a(status_leds.o)
                0x00008ce4                status_leds_ledOn
 .text.status_leds_ledOff
                0x00008d02       0x1e ../drivers\libIotLibrary.a(status_leds.o)
                0x00008d02                status_leds_ledOff
 .text.status_leds_longPuls
                0x00008d20       0x24 ../drivers\libIotLibrary.a(status_leds.o)
                0x00008d20                status_leds_longPuls
 .text.status_leds_shortPuls
                0x00008d44       0x22 ../drivers\libIotLibrary.a(status_leds.o)
                0x00008d44                status_leds_shortPuls
 .text._initTwiInterface
                0x00008d66       0x22 ../drivers\libIotLibrary.a(twi.o)
 .text.twiCreate
                0x00008d88       0x9a ../drivers\libIotLibrary.a(twi.o)
                0x00008d88                twiCreate
 .text.twiIsBusy
                0x00008e22        0x8 ../drivers\libIotLibrary.a(twi.o)
                0x00008e22                twiIsBusy
 .text.twiTransmit
                0x00008e2a       0x98 ../drivers\libIotLibrary.a(twi.o)
                0x00008e2a                twiTransmit
 .text.twiReceive
                0x00008ec2       0x66 ../drivers\libIotLibrary.a(twi.o)
                0x00008ec2                twiReceive
 .text.__vector_39
                0x00008f28      0x17a ../drivers\libIotLibrary.a(twi.o)
                0x00008f28                __vector_39
 .text.fifo_init
                0x000090a2       0x38 ../drivers\libIotLibrary.a(fifo.o)
                0x000090a2                fifo_init
 .text.avr-libc.fplib
                0x000090da        0xc c:/program files (x86)/atmel/studio/7.0/toolchain/avr8/avr8-gnu-toolchain/bin/../lib/gcc/avr/5.4.0/../../../../avr/lib/avr6\libm.a(addsf3.o)
                0x000090da                __subsf3
                0x000090dc                __addsf3
 .text.avr-libc.fplib
                0x000090e6       0xcc c:/program files (x86)/atmel/studio/7.0/toolchain/avr8/avr8-gnu-toolchain/bin/../lib/gcc/avr/5.4.0/../../../../avr/lib/avr6\libm.a(addsf3x.o)
                0x00009108                __addsf3x
 .text.avr-libc.fplib
                0x000091b2        0x6 c:/program files (x86)/atmel/studio/7.0/toolchain/avr8/avr8-gnu-toolchain/bin/../lib/gcc/avr/5.4.0/../../../../avr/lib/avr6\libm.a(divsf3.o)
                0x000091b2                __divsf3
 .text.avr-libc.fplib
                0x000091b8       0xdc c:/program files (x86)/atmel/studio/7.0/toolchain/avr8/avr8-gnu-toolchain/bin/../lib/gcc/avr/5.4.0/../../../../avr/lib/avr6\libm.a(divsf3x.o)
                0x000091d8                __divsf3x
                0x000091de                __divsf3_pse
 .text.avr-libc.fplib
                0x00009294        0xe c:/program files (x86)/atmel/studio/7.0/toolchain/avr8/avr8-gnu-toolchain/bin/../lib/gcc/avr/5.4.0/../../../../avr/lib/avr6\libm.a(fixsfsi.o)
                0x00009294                __fixsfsi
 .text.avr-libc.fplib
                0x000092a2       0x7a c:/program files (x86)/atmel/studio/7.0/toolchain/avr8/avr8-gnu-toolchain/bin/../lib/gcc/avr/5.4.0/../../../../avr/lib/avr6\libm.a(floatsisf.o)
                0x000092a2                __floatunsisf
                0x000092a6                __floatsisf
 .text.libgcc.div
                0x0000931c       0x44 c:/program files (x86)/atmel/studio/7.0/toolchain/avr8/avr8-gnu-toolchain/bin/../lib/gcc/avr/5.4.0/avr6\libgcc.a(_udivmodsi4.o)
                0x0000931c                __udivmodsi4
 .text.libgcc   0x00009360       0x10 c:/program files (x86)/atmel/studio/7.0/toolchain/avr8/avr8-gnu-toolchain/bin/../lib/gcc/avr/5.4.0/avr6\libgcc.a(_tablejump2.o)
                0x00009360                __tablejump2__
 .text.libgcc.mul
                0x00009370       0x1e c:/program files (x86)/atmel/studio/7.0/toolchain/avr8/avr8-gnu-toolchain/bin/../lib/gcc/avr/5.4.0/avr6\libgcc.a(_umulhisi3.o)
                0x00009370                __umulhisi3
 .text.avr-libc
                0x0000938e      0x242 c:/program files (x86)/atmel/studio/7.0/toolchain/avr8/avr8-gnu-toolchain/bin/../lib/gcc/avr/5.4.0/../../../../avr/lib/avr6\libc.a(malloc.o)
                0x0000938e                malloc
                0x000094be                free
 .text.avr-libc
                0x000095d0        0x8 c:/program files (x86)/atmel/studio/7.0/toolchain/avr8/avr8-gnu-toolchain/bin/../lib/gcc/avr/5.4.0/../../../../avr/lib/avr6\libc.a(abort.o)
                0x000095d0                abort
 .text.avr-libc
                0x000095d8       0x12 c:/program files (x86)/atmel/studio/7.0/toolchain/avr8/avr8-gnu-toolchain/bin/../lib/gcc/avr/5.4.0/../../../../avr/lib/avr6\libc.a(memcpy.o)
                0x000095d8                memcpy
 .text.avr-libc
                0x000095ea        0xe c:/program files (x86)/atmel/studio/7.0/toolchain/avr8/avr8-gnu-toolchain/bin/../lib/gcc/avr/5.4.0/../../../../avr/lib/avr6\libc.a(memset.o)
                0x000095ea                memset
 .text.avr-libc
                0x000095f8       0x4a c:/program files (x86)/atmel/studio/7.0/toolchain/avr8/avr8-gnu-toolchain/bin/../lib/gcc/avr/5.4.0/../../../../avr/lib/avr6\libc.a(strcasestr.o)
                0x000095f8                strcasestr
 .text.avr-libc
                0x00009642       0x16 c:/program files (x86)/atmel/studio/7.0/toolchain/avr8/avr8-gnu-toolchain/bin/../lib/gcc/avr/5.4.0/../../../../avr/lib/avr6\libc.a(strcat.o)
                0x00009642                strcat
 .text.avr-libc
                0x00009658        0xe c:/program files (x86)/atmel/studio/7.0/toolchain/avr8/avr8-gnu-toolchain/bin/../lib/gcc/avr/5.4.0/../../../../avr/lib/avr6\libc.a(strcpy.o)
                0x00009658                strcpy
 .text.avr-libc
                0x00009666       0x30 c:/program files (x86)/atmel/studio/7.0/toolchain/avr8/avr8-gnu-toolchain/bin/../lib/gcc/avr/5.4.0/../../../../avr/lib/avr6\libc.a(strncasecmp.o)
                0x00009666                strncasecmp
 .text.avr-libc
                0x00009696       0x26 c:/program files (x86)/atmel/studio/7.0/toolchain/avr8/avr8-gnu-toolchain/bin/../lib/gcc/avr/5.4.0/../../../../avr/lib/avr6\libc.a(printf.o)
                0x00009696                printf
 .text.avr-libc
                0x000096bc       0x60 c:/program files (x86)/atmel/studio/7.0/toolchain/avr8/avr8-gnu-toolchain/bin/../lib/gcc/avr/5.4.0/../../../../avr/lib/avr6\libc.a(puts.o)
                0x000096bc                puts
 .text.avr-libc
                0x0000971c       0x5c c:/program files (x86)/atmel/studio/7.0/toolchain/avr8/avr8-gnu-toolchain/bin/../lib/gcc/avr/5.4.0/../../../../avr/lib/avr6\libc.a(sprintf.o)
                0x0000971c                sprintf
 .text.avr-libc
                0x00009778      0x3fa c:/program files (x86)/atmel/studio/7.0/toolchain/avr8/avr8-gnu-toolchain/bin/../lib/gcc/avr/5.4.0/../../../../avr/lib/avr6\libc.a(vfprintf_std.o)
                0x00009778                vfprintf
 .text.avr-libc
                0x00009b72       0x16 c:/program files (x86)/atmel/studio/7.0/toolchain/avr8/avr8-gnu-toolchain/bin/../lib/gcc/avr/5.4.0/../../../../avr/lib/avr6\libc.a(strnlen_P.o)
                0x00009b72                strnlen_P
 .text.avr-libc
                0x00009b88       0x16 c:/program files (x86)/atmel/studio/7.0/toolchain/avr8/avr8-gnu-toolchain/bin/../lib/gcc/avr/5.4.0/../../../../avr/lib/avr6\libc.a(strnlen.o)
                0x00009b88                strnlen
 .text.avr-libc
                0x00009b9e       0x78 c:/program files (x86)/atmel/studio/7.0/toolchain/avr8/avr8-gnu-toolchain/bin/../lib/gcc/avr/5.4.0/../../../../avr/lib/avr6\libc.a(fputc.o)
                0x00009b9e                fputc
 .text.avr-libc
                0x00009c16       0xbc c:/program files (x86)/atmel/studio/7.0/toolchain/avr8/avr8-gnu-toolchain/bin/../lib/gcc/avr/5.4.0/../../../../avr/lib/avr6\libc.a(ultoa_invert.o)
                0x00009c16                __ultoa_invert
                0x00009cd2                . = ALIGN (0x2)
 *(.fini9)
 .fini9         0x00009cd2        0x0 c:/program files (x86)/atmel/studio/7.0/toolchain/avr8/avr8-gnu-toolchain/bin/../lib/gcc/avr/5.4.0/avr6\libgcc.a(_exit.o)
                0x00009cd2                _exit
                0x00009cd2                exit
 *(.fini9)
 *(.fini8)
 *(.fini8)
 *(.fini7)
 *(.fini7)
 *(.fini6)
 *(.fini6)
 *(.fini5)
 *(.fini5)
 *(.fini4)
 *(.fini4)
 *(.fini3)
 *(.fini3)
 *(.fini2)
 *(.fini2)
 *(.fini1)
 *(.fini1)
 *(.fini0)
 .fini0         0x00009cd2        0x4 c:/program files (x86)/atmel/studio/7.0/toolchain/avr8/avr8-gnu-toolchain/bin/../lib/gcc/avr/5.4.0/avr6\libgcc.a(_exit.o)
 *(.fini0)
                0x00009cd6                _etext = .

.data           0x00800200      0x834 load address 0x00009cd6
                0x00800200                PROVIDE (__data_start, .)
 *(.data)
 .data          0x00800200        0x6 c:/program files (x86)/atmel/studio/7.0/toolchain/avr8/avr8-gnu-toolchain/bin/../lib/gcc/avr/5.4.0/../../../../avr/lib/avr6\libc.a(malloc.o)
                0x00800200                __malloc_heap_end
                0x00800202                __malloc_heap_start
                0x00800204                __malloc_margin
 *(.data*)
 .data.uxTopUsedPriority
                0x00800206        0x1 FreeRTOS/src/tasks.o
                0x00800206                uxTopUsedPriority
 .data._temp    0x00800207        0x2 ../drivers\libIotLibrary.a(hih8120.o)
 .data._hum     0x00800209        0x2 ../drivers\libIotLibrary.a(hih8120.o)
 .data._com_port_2_udr
                0x0080020b        0x8 ../drivers\libIotLibrary.a(serial.o)
                0x0080020b                _com_port_2_udr
 .data.mystdout.1882
                0x00800213        0xe ../drivers\libIotLibrary.a(stdio_driver.o)
 .data._twiCurrentState
                0x00800221        0x1 ../drivers\libIotLibrary.a(twi.o)
 *(.gnu.linkonce.d*)
 *(.rodata)
 .rodata        0x00800222       0x54 Application.o
 .rodata        0x00800276       0x3f Co2Sensor.o
 .rodata        0x008002b5       0x23 Configuration.o
 .rodata        0x008002d8       0xb4 DownLinkHandler.o
 .rodata        0x0080038c      0x15e UpLinkHandler.o
 .rodata        0x008004ea       0x97 WindowController.o
 .rodata        0x00800581       0xbc Setup.o
 .rodata        0x0080063d       0xb7 TemperatureHumiditySensor.o
 .rodata        0x008006f4        0x5 FreeRTOS/src/tasks.o
 .rodata        0x008006f9        0x8 FreeRTOS/src/timers.o
 .rodata        0x00800701       0x12 main.o
 .rodata        0x00800713       0x20 ../drivers\libIotLibrary.a(lora_driver.o)
 .rodata        0x00800733       0x2d ../drivers\libIotLibrary.a(mh_z19.o)
 *(.rodata*)
 .rodata.str1.1
                0x00800760      0x295 ../drivers\libIotLibrary.a(lora_driver.o)
                                0x2a5 (size before relaxing)
 .rodata._joinMode
                0x008009f5        0x4 ../drivers\libIotLibrary.a(lora_driver.o)
 .rodata._returnCode
                0x008009f9       0x33 ../drivers\libIotLibrary.a(lora_driver.o)
                0x008009f9                _returnCode
 .rodata.str1.1
                0x00800a2c        0x8 ../drivers\libIotLibrary.a(status_leds.o)
 *(.gnu.linkonce.r*)
                0x00800a34                . = ALIGN (0x2)
                0x00800a34                _edata = .
                0x00800a34                PROVIDE (__data_end, .)

.bss            0x00800a34      0xffc
                0x00800a34                PROVIDE (__bss_start, .)
 *(.bss)
 *(.bss*)
 .bss.co2Ppm    0x00800a34        0x2 Co2Sensor.o
                0x00800a34                co2Ppm
 .bss.temperature
                0x00800a36        0x2 TemperatureHumiditySensor.o
                0x00800a36                temperature
 .bss.humidity  0x00800a38        0x2 TemperatureHumiditySensor.o
                0x00800a38                humidity
 .bss.ucHeap    0x00800a3a      0xdac FreeRTOS/src/heap_4.o
 .bss.xStart    0x008017e6        0x4 FreeRTOS/src/heap_4.o
 .bss.pxEnd     0x008017ea        0x2 FreeRTOS/src/heap_4.o
 .bss.xFreeBytesRemaining
                0x008017ec        0x2 FreeRTOS/src/heap_4.o
 .bss.xMinimumEverFreeBytesRemaining
                0x008017ee        0x2 FreeRTOS/src/heap_4.o
 .bss.xNumberOfSuccessfulAllocations
                0x008017f0        0x2 FreeRTOS/src/heap_4.o
 .bss.xNumberOfSuccessfulFrees
                0x008017f2        0x2 FreeRTOS/src/heap_4.o
 .bss.xBlockAllocatedBit
                0x008017f4        0x2 FreeRTOS/src/heap_4.o
 .bss.pxCurrentTCB
                0x008017f6        0x2 FreeRTOS/src/tasks.o
                0x008017f6                pxCurrentTCB
 .bss.pxReadyTasksLists
                0x008017f8       0x6e FreeRTOS/src/tasks.o
 .bss.xDelayedTaskList1
                0x00801866        0xb FreeRTOS/src/tasks.o
 .bss.xDelayedTaskList2
                0x00801871        0xb FreeRTOS/src/tasks.o
 .bss.pxDelayedTaskList
                0x0080187c        0x2 FreeRTOS/src/tasks.o
 .bss.pxOverflowDelayedTaskList
                0x0080187e        0x2 FreeRTOS/src/tasks.o
 .bss.xPendingReadyList
                0x00801880        0xb FreeRTOS/src/tasks.o
 .bss.xTasksWaitingTermination
                0x0080188b        0xb FreeRTOS/src/tasks.o
 .bss.uxDeletedTasksWaitingCleanUp
                0x00801896        0x1 FreeRTOS/src/tasks.o
 .bss.uxCurrentNumberOfTasks
                0x00801897        0x1 FreeRTOS/src/tasks.o
 .bss.xTickCount
                0x00801898        0x4 FreeRTOS/src/tasks.o
 .bss.uxTopReadyPriority
                0x0080189c        0x1 FreeRTOS/src/tasks.o
 .bss.xSchedulerRunning
                0x0080189d        0x1 FreeRTOS/src/tasks.o
 .bss.xPendedTicks
                0x0080189e        0x4 FreeRTOS/src/tasks.o
 .bss.xYieldPending
                0x008018a2        0x1 FreeRTOS/src/tasks.o
 .bss.xNumOfOverflows
                0x008018a3        0x1 FreeRTOS/src/tasks.o
 .bss.uxTaskNumber
                0x008018a4        0x1 FreeRTOS/src/tasks.o
 .bss.xNextTaskUnblockTime
                0x008018a5        0x4 FreeRTOS/src/tasks.o
 .bss.xIdleTaskHandle
                0x008018a9        0x2 FreeRTOS/src/tasks.o
 .bss.uxSchedulerSuspended
                0x008018ab        0x1 FreeRTOS/src/tasks.o
 .bss.xActiveTimerList1
                0x008018ac        0xb FreeRTOS/src/timers.o
 .bss.xActiveTimerList2
                0x008018b7        0xb FreeRTOS/src/timers.o
 .bss.pxCurrentTimerList
                0x008018c2        0x2 FreeRTOS/src/timers.o
 .bss.pxOverflowTimerList
                0x008018c4        0x2 FreeRTOS/src/timers.o
 .bss.xTimerQueue
                0x008018c6        0x2 FreeRTOS/src/timers.o
 .bss.xTimerTaskHandle
                0x008018c8        0x2 FreeRTOS/src/timers.o
 .bss.xLastTime.2436
                0x008018ca        0x4 FreeRTOS/src/timers.o
 .bss._measuringIsReady
                0x008018ce        0x1 ../drivers\libIotLibrary.a(hih8120.o)
 .bss._hih8120Handler
                0x008018cf        0x2 ../drivers\libIotLibrary.a(hih8120.o)
 .bss._tmp_buf.2871
                0x008018d1       0x37 ../drivers\libIotLibrary.a(lora_driver.o)
 .bss.rec_buf_inp.2878
                0x00801908        0x1 ../drivers\libIotLibrary.a(lora_driver.o)
 .bss._downlinkMessageBuffer
                0x00801909        0x2 ../drivers\libIotLibrary.a(lora_driver.o)
 .bss._serialReplyBufferHandle
                0x0080190b        0x2 ../drivers\libIotLibrary.a(lora_driver.o)
 .bss._rn2483_serial
                0x0080190d        0x2 ../drivers\libIotLibrary.a(lora_driver.o)
 .bss._downlinkPayload
                0x0080190f       0x16 ../drivers\libIotLibrary.a(lora_driver.o)
 .bss._payLoadHexBytes
                0x00801925       0x15 ../drivers\libIotLibrary.a(lora_driver.o)
 .bss._recMessageBuf
                0x0080193a       0x2d ../drivers\libIotLibrary.a(lora_driver.o)
 .bss._sendMessage
                0x00801967       0x2d ../drivers\libIotLibrary.a(lora_driver.o)
 .bss._replyMess
                0x00801994       0x2d ../drivers\libIotLibrary.a(lora_driver.o)
 .bss.data.1944
                0x008019c1        0x2 ../drivers\libIotLibrary.a(mh_z19.o)
 .bss.inDex.1943
                0x008019c3        0x1 ../drivers\libIotLibrary.a(mh_z19.o)
 .bss.crc_sum.1945
                0x008019c4        0x1 ../drivers\libIotLibrary.a(mh_z19.o)
 .bss._appCallBack
                0x008019c5        0x2 ../drivers\libIotLibrary.a(mh_z19.o)
 .bss._mh_state
                0x008019c7        0x1 ../drivers\libIotLibrary.a(mh_z19.o)
                0x008019c7                _mh_state
 .bss._ppm      0x008019c8        0x2 ../drivers\libIotLibrary.a(mh_z19.o)
 .bss._serial   0x008019ca        0x2 ../drivers\libIotLibrary.a(mh_z19.o)
 .bss._ser_handle
                0x008019cc        0x8 ../drivers\libIotLibrary.a(serial.o)
 .bss._com_serial_instance
                0x008019d4        0x2 ../drivers\libIotLibrary.a(stdio_driver.o)
 .bss._led_status
                0x008019d6       0x18 ../drivers\libIotLibrary.a(status_leds.o)
 .bss._index.1885
                0x008019ee        0x1 ../drivers\libIotLibrary.a(twi.o)
 .bss._twiCurrentHandler
                0x008019ef        0x2 ../drivers\libIotLibrary.a(twi.o)
 .bss._twiMessageLen
                0x008019f1        0x1 ../drivers\libIotLibrary.a(twi.o)
 .bss._twiMessageBuffer
                0x008019f2        0xa ../drivers\libIotLibrary.a(twi.o)
 .bss._twiIsInitiated
                0x008019fc        0x1 ../drivers\libIotLibrary.a(twi.o)
 *(COMMON)
 COMMON         0x008019fd        0x1 Co2Sensor.o
                0x008019fd                rc
 COMMON         0x008019fe        0x8 Configuration.o
                0x008019fe                humNorm
                0x00801a00                configMutex
                0x00801a02                tempNorm
                0x00801a04                co2Norm
 COMMON         0x00801a06       0x16 UpLinkHandler.o
                0x00801a06                uplink_payload
 COMMON         0x00801a1c        0x2 WindowController.o
                0x00801a1c                isOpen
 COMMON         0x00801a1e        0x8 Setup.o
                0x00801a1e                upLinkMessageBuffer
                0x00801a20                dataReadyEventGroup
                0x00801a22                measureEventGroup
                0x00801a24                downLinkMessageBuffer
 COMMON         0x00801a26        0x4 c:/program files (x86)/atmel/studio/7.0/toolchain/avr8/avr8-gnu-toolchain/bin/../lib/gcc/avr/5.4.0/../../../../avr/lib/avr6\libc.a(malloc.o)
                0x00801a26                __brkval
                0x00801a28                __flp
 COMMON         0x00801a2a        0x6 c:/program files (x86)/atmel/studio/7.0/toolchain/avr8/avr8-gnu-toolchain/bin/../lib/gcc/avr/5.4.0/../../../../avr/lib/avr6\libc.a(iob.o)
                0x00801a2a                __iob
                0x00801a30                PROVIDE (__bss_end, .)
                0x00009cd6                __data_load_start = LOADADDR (.data)
                0x0000a50a                __data_load_end = (__data_load_start + SIZEOF (.data))

.noinit         0x00801a30        0x0
                [!provide]                PROVIDE (__noinit_start, .)
 *(.noinit*)
                [!provide]                PROVIDE (__noinit_end, .)
                0x00801a30                _end = .
                0x00801a30                PROVIDE (__heap_start, .)

.eeprom         0x00810000        0x0
 *(.eeprom*)
                0x00810000                __eeprom_end = .

.fuse
 *(.fuse)
 *(.lfuse)
 *(.hfuse)
 *(.efuse)

.lock
 *(.lock*)

.signature
 *(.signature*)

.user_signatures
 *(.user_signatures*)

.stab
 *(.stab)

.stabstr
 *(.stabstr)

.stab.excl
 *(.stab.excl)

.stab.exclstr
 *(.stab.exclstr)

.stab.index
 *(.stab.index)

.stab.indexstr
 *(.stab.indexstr)

.comment        0x00000000       0x5c
 *(.comment)
 .comment       0x00000000       0x30 Application.o
                                 0x31 (size before relaxing)
 .comment       0x00000030       0x31 Co2Sensor.o
 .comment       0x00000030       0x31 Configuration.o
 .comment       0x00000030       0x31 DownLinkHandler.o
 .comment       0x00000030       0x31 SensorDataPackageHandler.o
 .comment       0x00000030       0x31 UpLinkHandler.o
 .comment       0x00000030       0x31 WindowController.o
 .comment       0x00000030       0x31 Setup.o
 .comment       0x00000030       0x31 TemperatureHumiditySensor.o
 .comment       0x00000030       0x31 FreeRTOS/src/event_groups.o
 .comment       0x00000030       0x31 FreeRTOS/src/heap_4.o
 .comment       0x00000030       0x31 FreeRTOS/src/list.o
 .comment       0x00000030       0x31 FreeRTOS/src/port.o
 .comment       0x00000030       0x31 FreeRTOS/src/queue.o
 .comment       0x00000030       0x31 FreeRTOS/src/stream_buffer.o
 .comment       0x00000030       0x31 FreeRTOS/src/tasks.o
 .comment       0x00000030       0x31 FreeRTOS/src/timers.o
 .comment       0x00000030       0x31 FreeRTOS/src/variantHooks.o
 .comment       0x00000030       0x31 main.o
 .comment       0x00000030       0x31 ../drivers\libIotLibrary.a(hih8120.o)
 .comment       0x00000030       0x31 ../drivers\libIotLibrary.a(lora_driver.o)
 .comment       0x00000030       0x31 ../drivers\libIotLibrary.a(lora_driver_utils.o)
 .comment       0x00000030       0x31 ../drivers\libIotLibrary.a(mh_z19.o)
 .comment       0x00000030       0x31 ../drivers\libIotLibrary.a(rc_servo.o)
 .comment       0x00000030       0x31 ../drivers\libIotLibrary.a(serial.o)
 .comment       0x00000030       0x31 ../drivers\libIotLibrary.a(stdio_driver.o)
 .comment       0x00000030       0x31 ../drivers\libIotLibrary.a(status_leds.o)
 .comment       0x00000030       0x31 ../drivers\libIotLibrary.a(twi.o)
 .comment       0x00000030       0x31 ../drivers\libIotLibrary.a(fifo.o)
 .comment       0x00000030       0x31 c:/program files (x86)/atmel/studio/7.0/toolchain/avr8/avr8-gnu-toolchain/bin/../lib/gcc/avr/5.4.0/../../../../avr/lib/avr6\libc.a(malloc.o)
 .comment       0x00000030       0x31 c:/program files (x86)/atmel/studio/7.0/toolchain/avr8/avr8-gnu-toolchain/bin/../lib/gcc/avr/5.4.0/../../../../avr/lib/avr6\libc.a(iob.o)
 .comment       0x00000030       0x31 c:/program files (x86)/atmel/studio/7.0/toolchain/avr8/avr8-gnu-toolchain/bin/../lib/gcc/avr/5.4.0/../../../../avr/lib/avr6\libc.a(printf.o)
 .comment       0x00000030       0x31 c:/program files (x86)/atmel/studio/7.0/toolchain/avr8/avr8-gnu-toolchain/bin/../lib/gcc/avr/5.4.0/../../../../avr/lib/avr6\libc.a(puts.o)
 .comment       0x00000030       0x31 c:/program files (x86)/atmel/studio/7.0/toolchain/avr8/avr8-gnu-toolchain/bin/../lib/gcc/avr/5.4.0/../../../../avr/lib/avr6\libc.a(sprintf.o)
 .comment       0x00000030       0x2c c:/program files (x86)/atmel/studio/7.0/toolchain/avr8/avr8-gnu-toolchain/bin/../lib/gcc/avr/5.4.0/../../../../avr/lib/avr6\libc.a(vfprintf_std.o)
                                 0x2d (size before relaxing)
 .comment       0x0000005c       0x31 c:/program files (x86)/atmel/studio/7.0/toolchain/avr8/avr8-gnu-toolchain/bin/../lib/gcc/avr/5.4.0/../../../../avr/lib/avr6\libc.a(fputc.o)

.note.gnu.avr.deviceinfo
                0x00000000       0x40
 .note.gnu.avr.deviceinfo
                0x00000000       0x40 C:/Program Files (x86)/Atmel/Studio/7.0/Packs/atmel/ATmega_DFP/1.6.364/gcc/dev/atmega2560/avr6/crtatmega2560.o

.note.gnu.build-id
 *(.note.gnu.build-id)

.debug
 *(.debug)

.line
 *(.line)

.debug_srcinfo
 *(.debug_srcinfo)

.debug_sfnames
 *(.debug_sfnames)

.debug_aranges  0x00000000      0xbf8
 *(.debug_aranges)
 .debug_aranges
                0x00000000       0x28 Application.o
 .debug_aranges
                0x00000028       0x48 Co2Sensor.o
 .debug_aranges
                0x00000070       0x50 Configuration.o
 .debug_aranges
                0x000000c0       0x28 DownLinkHandler.o
 .debug_aranges
                0x000000e8       0x38 SensorDataPackageHandler.o
 .debug_aranges
                0x00000120       0x30 UpLinkHandler.o
 .debug_aranges
                0x00000150       0x40 WindowController.o
 .debug_aranges
                0x00000190       0x30 Setup.o
 .debug_aranges
                0x000001c0       0x50 TemperatureHumiditySensor.o
 .debug_aranges
                0x00000210       0x68 FreeRTOS/src/event_groups.o
 .debug_aranges
                0x00000278       0x58 FreeRTOS/src/heap_4.o
 .debug_aranges
                0x000002d0       0x40 FreeRTOS/src/list.o
 .debug_aranges
                0x00000310       0x58 FreeRTOS/src/port.o
 .debug_aranges
                0x00000368       0xf8 FreeRTOS/src/queue.o
 .debug_aranges
                0x00000460       0xc0 FreeRTOS/src/stream_buffer.o
 .debug_aranges
                0x00000520      0x1b0 FreeRTOS/src/tasks.o
 .debug_aranges
                0x000006d0       0xc8 FreeRTOS/src/timers.o
 .debug_aranges
                0x00000798       0x40 FreeRTOS/src/variantHooks.o
 .debug_aranges
                0x000007d8       0x38 main.o
 .debug_aranges
                0x00000810       0x68 ../drivers\libIotLibrary.a(hih8120.o)
 .debug_aranges
                0x00000878      0x138 ../drivers\libIotLibrary.a(lora_driver.o)
 .debug_aranges
                0x000009b0       0x28 ../drivers\libIotLibrary.a(lora_driver_utils.o)
 .debug_aranges
                0x000009d8       0x58 ../drivers\libIotLibrary.a(mh_z19.o)
 .debug_aranges
                0x00000a30       0x28 ../drivers\libIotLibrary.a(rc_servo.o)
 .debug_aranges
                0x00000a58       0x90 ../drivers\libIotLibrary.a(serial.o)
 .debug_aranges
                0x00000ae8       0x38 ../drivers\libIotLibrary.a(stdio_driver.o)
 .debug_aranges
                0x00000b20       0x68 ../drivers\libIotLibrary.a(status_leds.o)
 .debug_aranges
                0x00000b88       0x50 ../drivers\libIotLibrary.a(twi.o)
 .debug_aranges
                0x00000bd8       0x20 ../drivers\libIotLibrary.a(fifo.o)

.debug_pubnames
 *(.debug_pubnames)

.debug_info     0x00000000     0xaef0
 *(.debug_info .gnu.linkonce.wi.*)
 .debug_info    0x00000000      0xbbc C:/Program Files (x86)/Atmel/Studio/7.0/Packs/atmel/ATmega_DFP/1.6.364/gcc/dev/atmega2560/avr6/crtatmega2560.o
 .debug_info    0x00000bbc      0x1f3 Application.o
 .debug_info    0x00000daf      0x249 Co2Sensor.o
 .debug_info    0x00000ff8      0x21c Configuration.o
 .debug_info    0x00001214      0x1bb DownLinkHandler.o
 .debug_info    0x000013cf      0x1ca SensorDataPackageHandler.o
 .debug_info    0x00001599      0x2d9 UpLinkHandler.o
 .debug_info    0x00001872      0x1cd WindowController.o
 .debug_info    0x00001a3f      0x13c Setup.o
 .debug_info    0x00001b7b      0x255 TemperatureHumiditySensor.o
 .debug_info    0x00001dd0      0x671 FreeRTOS/src/event_groups.o
 .debug_info    0x00002441      0x428 FreeRTOS/src/heap_4.o
 .debug_info    0x00002869      0x2cd FreeRTOS/src/list.o
 .debug_info    0x00002b36      0x298 FreeRTOS/src/port.o
 .debug_info    0x00002dce      0xea5 FreeRTOS/src/queue.o
 .debug_info    0x00003c73      0xc19 FreeRTOS/src/stream_buffer.o
 .debug_info    0x0000488c     0x1856 FreeRTOS/src/tasks.o
 .debug_info    0x000060e2      0xa6a FreeRTOS/src/timers.o
 .debug_info    0x00006b4c      0x252 FreeRTOS/src/variantHooks.o
 .debug_info    0x00006d9e      0x126 main.o
 .debug_info    0x00006ec4      0x3a9 ../drivers\libIotLibrary.a(hih8120.o)
 .debug_info    0x0000726d     0x1747 ../drivers\libIotLibrary.a(lora_driver.o)
 .debug_info    0x000089b4      0x143 ../drivers\libIotLibrary.a(lora_driver_utils.o)
 .debug_info    0x00008af7      0x556 ../drivers\libIotLibrary.a(mh_z19.o)
 .debug_info    0x0000904d      0x10f ../drivers\libIotLibrary.a(rc_servo.o)
 .debug_info    0x0000915c      0xd9c ../drivers\libIotLibrary.a(serial.o)
 .debug_info    0x00009ef8      0x3b6 ../drivers\libIotLibrary.a(stdio_driver.o)
 .debug_info    0x0000a2ae      0x522 ../drivers\libIotLibrary.a(status_leds.o)
 .debug_info    0x0000a7d0      0x55d ../drivers\libIotLibrary.a(twi.o)
 .debug_info    0x0000ad2d      0x1c3 ../drivers\libIotLibrary.a(fifo.o)

.debug_abbrev   0x00000000     0x33b7
 *(.debug_abbrev)
 .debug_abbrev  0x00000000      0xb1a C:/Program Files (x86)/Atmel/Studio/7.0/Packs/atmel/ATmega_DFP/1.6.364/gcc/dev/atmega2560/avr6/crtatmega2560.o
 .debug_abbrev  0x00000b1a       0xe3 Application.o
 .debug_abbrev  0x00000bfd      0x135 Co2Sensor.o
 .debug_abbrev  0x00000d32       0xdb Configuration.o
 .debug_abbrev  0x00000e0d       0xf2 DownLinkHandler.o
 .debug_abbrev  0x00000eff       0xe6 SensorDataPackageHandler.o
 .debug_abbrev  0x00000fe5      0x12a UpLinkHandler.o
 .debug_abbrev  0x0000110f       0xcb WindowController.o
 .debug_abbrev  0x000011da       0x79 Setup.o
 .debug_abbrev  0x00001253      0x115 TemperatureHumiditySensor.o
 .debug_abbrev  0x00001368      0x140 FreeRTOS/src/event_groups.o
 .debug_abbrev  0x000014a8      0x174 FreeRTOS/src/heap_4.o
 .debug_abbrev  0x0000161c       0xc7 FreeRTOS/src/list.o
 .debug_abbrev  0x000016e3      0x184 FreeRTOS/src/port.o
 .debug_abbrev  0x00001867      0x194 FreeRTOS/src/queue.o
 .debug_abbrev  0x000019fb      0x1b4 FreeRTOS/src/stream_buffer.o
 .debug_abbrev  0x00001baf      0x235 FreeRTOS/src/tasks.o
 .debug_abbrev  0x00001de4      0x1ce FreeRTOS/src/timers.o
 .debug_abbrev  0x00001fb2       0xf2 FreeRTOS/src/variantHooks.o
 .debug_abbrev  0x000020a4       0xc2 main.o
 .debug_abbrev  0x00002166      0x184 ../drivers\libIotLibrary.a(hih8120.o)
 .debug_abbrev  0x000022ea      0x33b ../drivers\libIotLibrary.a(lora_driver.o)
 .debug_abbrev  0x00002625       0xc0 ../drivers\libIotLibrary.a(lora_driver_utils.o)
 .debug_abbrev  0x000026e5      0x238 ../drivers\libIotLibrary.a(mh_z19.o)
 .debug_abbrev  0x0000291d       0xbc ../drivers\libIotLibrary.a(rc_servo.o)
 .debug_abbrev  0x000029d9      0x355 ../drivers\libIotLibrary.a(serial.o)
 .debug_abbrev  0x00002d2e      0x1b3 ../drivers\libIotLibrary.a(stdio_driver.o)
 .debug_abbrev  0x00002ee1      0x1d7 ../drivers\libIotLibrary.a(status_leds.o)
 .debug_abbrev  0x000030b8      0x217 ../drivers\libIotLibrary.a(twi.o)
 .debug_abbrev  0x000032cf       0xe8 ../drivers\libIotLibrary.a(fifo.o)

.debug_line     0x00000000     0x7712
 *(.debug_line .debug_line.* .debug_line_end)
 .debug_line    0x00000000      0x1fa C:/Program Files (x86)/Atmel/Studio/7.0/Packs/atmel/ATmega_DFP/1.6.364/gcc/dev/atmega2560/avr6/crtatmega2560.o
 .debug_line    0x000001fa      0x189 Application.o
 .debug_line    0x00000383      0x1cd Co2Sensor.o
 .debug_line    0x00000550      0x1c0 Configuration.o
 .debug_line    0x00000710      0x1bf DownLinkHandler.o
 .debug_line    0x000008cf      0x165 SensorDataPackageHandler.o
 .debug_line    0x00000a34      0x255 UpLinkHandler.o
 .debug_line    0x00000c89      0x215 WindowController.o
 .debug_line    0x00000e9e      0x1c9 Setup.o
 .debug_line    0x00001067      0x22c TemperatureHumiditySensor.o
 .debug_line    0x00001293      0x491 FreeRTOS/src/event_groups.o
 .debug_line    0x00001724      0x471 FreeRTOS/src/heap_4.o
 .debug_line    0x00001b95      0x1f1 FreeRTOS/src/list.o
 .debug_line    0x00001d86      0x2fc FreeRTOS/src/port.o
 .debug_line    0x00002082      0xce1 FreeRTOS/src/queue.o
 .debug_line    0x00002d63      0x866 FreeRTOS/src/stream_buffer.o
 .debug_line    0x000035c9     0x158d FreeRTOS/src/tasks.o
 .debug_line    0x00004b56      0x6c8 FreeRTOS/src/timers.o
 .debug_line    0x0000521e      0x26c FreeRTOS/src/variantHooks.o
 .debug_line    0x0000548a      0x1bc main.o
 .debug_line    0x00005646      0x24a ../drivers\libIotLibrary.a(hih8120.o)
 .debug_line    0x00005890      0x9aa ../drivers\libIotLibrary.a(lora_driver.o)
 .debug_line    0x0000623a      0x195 ../drivers\libIotLibrary.a(lora_driver_utils.o)
 .debug_line    0x000063cf      0x2fc ../drivers\libIotLibrary.a(mh_z19.o)
 .debug_line    0x000066cb       0xfd ../drivers\libIotLibrary.a(rc_servo.o)
 .debug_line    0x000067c8      0x6a1 ../drivers\libIotLibrary.a(serial.o)
 .debug_line    0x00006e69      0x146 ../drivers\libIotLibrary.a(stdio_driver.o)
 .debug_line    0x00006faf      0x32c ../drivers\libIotLibrary.a(status_leds.o)
 .debug_line    0x000072db      0x31c ../drivers\libIotLibrary.a(twi.o)
 .debug_line    0x000075f7      0x11b ../drivers\libIotLibrary.a(fifo.o)

.debug_frame    0x00000000     0x2c14
 *(.debug_frame)
 .debug_frame   0x00000000       0x84 Application.o
 .debug_frame   0x00000084      0x100 Co2Sensor.o
 .debug_frame   0x00000184       0xf8 Configuration.o
 .debug_frame   0x0000027c       0x78 DownLinkHandler.o
 .debug_frame   0x000002f4       0x94 SensorDataPackageHandler.o
 .debug_frame   0x00000388       0x90 UpLinkHandler.o
 .debug_frame   0x00000418       0xe4 WindowController.o
 .debug_frame   0x000004fc       0x74 Setup.o
 .debug_frame   0x00000570      0x120 TemperatureHumiditySensor.o
 .debug_frame   0x00000690      0x19c FreeRTOS/src/event_groups.o
 .debug_frame   0x0000082c      0x114 FreeRTOS/src/heap_4.o
 .debug_frame   0x00000940       0xb4 FreeRTOS/src/list.o
 .debug_frame   0x000009f4       0xd4 FreeRTOS/src/port.o
 .debug_frame   0x00000ac8      0x3d4 FreeRTOS/src/queue.o
 .debug_frame   0x00000e9c      0x3ac FreeRTOS/src/stream_buffer.o
 .debug_frame   0x00001248      0x7bc FreeRTOS/src/tasks.o
 .debug_frame   0x00001a04      0x3d8 FreeRTOS/src/timers.o
 .debug_frame   0x00001ddc       0xb4 FreeRTOS/src/variantHooks.o
 .debug_frame   0x00001e90       0x94 main.o
 .debug_frame   0x00001f24       0xc0 ../drivers\libIotLibrary.a(hih8120.o)
 .debug_frame   0x00001fe4      0x460 ../drivers\libIotLibrary.a(lora_driver.o)
 .debug_frame   0x00002444       0x48 ../drivers\libIotLibrary.a(lora_driver_utils.o)
 .debug_frame   0x0000248c      0x100 ../drivers\libIotLibrary.a(mh_z19.o)
 .debug_frame   0x0000258c       0x34 ../drivers\libIotLibrary.a(rc_servo.o)
 .debug_frame   0x000025c0      0x384 ../drivers\libIotLibrary.a(serial.o)
 .debug_frame   0x00002944       0x94 ../drivers\libIotLibrary.a(stdio_driver.o)
 .debug_frame   0x000029d8       0xec ../drivers\libIotLibrary.a(status_leds.o)
 .debug_frame   0x00002ac4      0x12c ../drivers\libIotLibrary.a(twi.o)
 .debug_frame   0x00002bf0       0x24 ../drivers\libIotLibrary.a(fifo.o)

.debug_str      0x00000000     0x43e6
 *(.debug_str)
 .debug_str     0x00000000      0x3e6 C:/Program Files (x86)/Atmel/Studio/7.0/Packs/atmel/ATmega_DFP/1.6.364/gcc/dev/atmega2560/avr6/crtatmega2560.o
 .debug_str     0x000003e6      0x292 Application.o
                                0x303 (size before relaxing)
 .debug_str     0x00000678      0x143 Co2Sensor.o
                                0x319 (size before relaxing)
 .debug_str     0x000007bb       0xc2 Configuration.o
                                0x27f (size before relaxing)
 .debug_str     0x0000087d       0x8e DownLinkHandler.o
                                0x2f2 (size before relaxing)
 .debug_str     0x0000090b       0x8a SensorDataPackageHandler.o
                                0x268 (size before relaxing)
 .debug_str     0x00000995      0x23a UpLinkHandler.o
                                0x48c (size before relaxing)
 .debug_str     0x00000bcf       0x7d WindowController.o
                                0x2d4 (size before relaxing)
 .debug_str     0x00000c4c       0x5f Setup.o
                                0x279 (size before relaxing)
 .debug_str     0x00000cab       0xe7 TemperatureHumiditySensor.o
                                0x373 (size before relaxing)
 .debug_str     0x00000d92      0x365 FreeRTOS/src/event_groups.o
                                0x52c (size before relaxing)
 .debug_str     0x000010f7      0x2de FreeRTOS/src/heap_4.o
                                0x4af (size before relaxing)
 .debug_str     0x000013d5       0x99 FreeRTOS/src/list.o
                                0x30a (size before relaxing)
 .debug_str     0x0000146e      0x12c FreeRTOS/src/port.o
                                0x319 (size before relaxing)
 .debug_str     0x0000159a      0x517 FreeRTOS/src/queue.o
                                0x80b (size before relaxing)
 .debug_str     0x00001ab1      0x450 FreeRTOS/src/stream_buffer.o
                                0x725 (size before relaxing)
 .debug_str     0x00001f01      0xa4b FreeRTOS/src/tasks.o
                                0xe47 (size before relaxing)
 .debug_str     0x0000294c      0x42a FreeRTOS/src/timers.o
                                0x756 (size before relaxing)
 .debug_str     0x00002d76       0x97 FreeRTOS/src/variantHooks.o
                                0x2ae (size before relaxing)
 .debug_str     0x00002e0d       0x42 main.o
                                0x228 (size before relaxing)
 .debug_str     0x00002e4f      0x345 ../drivers\libIotLibrary.a(hih8120.o)
                                0x45c (size before relaxing)
 .debug_str     0x00003194      0x809 ../drivers\libIotLibrary.a(lora_driver.o)
                                0xcdb (size before relaxing)
 .debug_str     0x0000399d       0x4f ../drivers\libIotLibrary.a(lora_driver_utils.o)
                                0x206 (size before relaxing)
 .debug_str     0x000039ec      0x155 ../drivers\libIotLibrary.a(mh_z19.o)
                                0x489 (size before relaxing)
 .debug_str     0x00003b41       0x65 ../drivers\libIotLibrary.a(rc_servo.o)
                                0x1e2 (size before relaxing)
 .debug_str     0x00003ba6      0x2e7 ../drivers\libIotLibrary.a(serial.o)
                                0x628 (size before relaxing)
 .debug_str     0x00003e8d       0xb7 ../drivers\libIotLibrary.a(stdio_driver.o)
                                0x37d (size before relaxing)
 .debug_str     0x00003f44      0x191 ../drivers\libIotLibrary.a(status_leds.o)
                                0x381 (size before relaxing)
 .debug_str     0x000040d5      0x2ef ../drivers\libIotLibrary.a(twi.o)
                                0x5b4 (size before relaxing)
 .debug_str     0x000043c4       0x22 ../drivers\libIotLibrary.a(fifo.o)
                                0x239 (size before relaxing)

.debug_loc      0x00000000     0x753d
 *(.debug_loc)
 .debug_loc     0x00000000      0x104 Application.o
 .debug_loc     0x00000104      0x1f1 Co2Sensor.o
 .debug_loc     0x000002f5      0x1d1 Configuration.o
 .debug_loc     0x000004c6       0xeb DownLinkHandler.o
 .debug_loc     0x000005b1      0x120 SensorDataPackageHandler.o
 .debug_loc     0x000006d1      0x117 UpLinkHandler.o
 .debug_loc     0x000007e8      0x1b6 WindowController.o
 .debug_loc     0x0000099e       0xb1 Setup.o
 .debug_loc     0x00000a4f      0x239 TemperatureHumiditySensor.o
 .debug_loc     0x00000c88      0x373 FreeRTOS/src/event_groups.o
 .debug_loc     0x00000ffb      0x216 FreeRTOS/src/heap_4.o
 .debug_loc     0x00001211      0x167 FreeRTOS/src/list.o
 .debug_loc     0x00001378       0xf8 FreeRTOS/src/port.o
 .debug_loc     0x00001470      0x855 FreeRTOS/src/queue.o
 .debug_loc     0x00001cc5      0x821 FreeRTOS/src/stream_buffer.o
 .debug_loc     0x000024e6     0x1134 FreeRTOS/src/tasks.o
 .debug_loc     0x0000361a      0x889 FreeRTOS/src/timers.o
 .debug_loc     0x00003ea3      0x13f FreeRTOS/src/variantHooks.o
 .debug_loc     0x00003fe2       0xec main.o
 .debug_loc     0x000040ce       0x9f ../drivers\libIotLibrary.a(hih8120.o)
 .debug_loc     0x0000416d     0x1216 ../drivers\libIotLibrary.a(lora_driver.o)
 .debug_loc     0x00005383      0x1d2 ../drivers\libIotLibrary.a(lora_driver_utils.o)
 .debug_loc     0x00005555      0x37c ../drivers\libIotLibrary.a(mh_z19.o)
 .debug_loc     0x000058d1       0x2f ../drivers\libIotLibrary.a(rc_servo.o)
 .debug_loc     0x00005900     0x114c ../drivers\libIotLibrary.a(serial.o)
 .debug_loc     0x00006a4c      0x18c ../drivers\libIotLibrary.a(stdio_driver.o)
 .debug_loc     0x00006bd8      0x292 ../drivers\libIotLibrary.a(status_leds.o)
 .debug_loc     0x00006e6a      0x575 ../drivers\libIotLibrary.a(twi.o)
 .debug_loc     0x000073df      0x15e ../drivers\libIotLibrary.a(fifo.o)

.debug_macinfo
 *(.debug_macinfo)

.debug_weaknames
 *(.debug_weaknames)

.debug_funcnames
 *(.debug_funcnames)

.debug_typenames
 *(.debug_typenames)

.debug_varnames
 *(.debug_varnames)

.debug_pubtypes
 *(.debug_pubtypes)

.debug_ranges   0x00000000      0xa58
 *(.debug_ranges)
 .debug_ranges  0x00000000       0x18 Application.o
 .debug_ranges  0x00000018       0x38 Co2Sensor.o
 .debug_ranges  0x00000050       0x40 Configuration.o
 .debug_ranges  0x00000090       0x18 DownLinkHandler.o
 .debug_ranges  0x000000a8       0x28 SensorDataPackageHandler.o
 .debug_ranges  0x000000d0       0x20 UpLinkHandler.o
 .debug_ranges  0x000000f0       0x30 WindowController.o
 .debug_ranges  0x00000120       0x20 Setup.o
 .debug_ranges  0x00000140       0x40 TemperatureHumiditySensor.o
 .debug_ranges  0x00000180       0x58 FreeRTOS/src/event_groups.o
 .debug_ranges  0x000001d8       0x48 FreeRTOS/src/heap_4.o
 .debug_ranges  0x00000220       0x30 FreeRTOS/src/list.o
 .debug_ranges  0x00000250       0x48 FreeRTOS/src/port.o
 .debug_ranges  0x00000298       0xe8 FreeRTOS/src/queue.o
 .debug_ranges  0x00000380       0xb0 FreeRTOS/src/stream_buffer.o
 .debug_ranges  0x00000430      0x1a0 FreeRTOS/src/tasks.o
 .debug_ranges  0x000005d0       0xb8 FreeRTOS/src/timers.o
 .debug_ranges  0x00000688       0x30 FreeRTOS/src/variantHooks.o
 .debug_ranges  0x000006b8       0x28 main.o
 .debug_ranges  0x000006e0       0x58 ../drivers\libIotLibrary.a(hih8120.o)
 .debug_ranges  0x00000738      0x128 ../drivers\libIotLibrary.a(lora_driver.o)
 .debug_ranges  0x00000860       0x30 ../drivers\libIotLibrary.a(lora_driver_utils.o)
 .debug_ranges  0x00000890       0x48 ../drivers\libIotLibrary.a(mh_z19.o)
 .debug_ranges  0x000008d8       0x18 ../drivers\libIotLibrary.a(rc_servo.o)
 .debug_ranges  0x000008f0       0x98 ../drivers\libIotLibrary.a(serial.o)
 .debug_ranges  0x00000988       0x28 ../drivers\libIotLibrary.a(stdio_driver.o)
 .debug_ranges  0x000009b0       0x58 ../drivers\libIotLibrary.a(status_leds.o)
 .debug_ranges  0x00000a08       0x40 ../drivers\libIotLibrary.a(twi.o)
 .debug_ranges  0x00000a48       0x10 ../drivers\libIotLibrary.a(fifo.o)

.debug_macro
 *(.debug_macro)
OUTPUT(4 semester.elf elf32-avr)
LOAD linker stubs
